Archive member included to satisfy reference by file (symbol)

app/libapp.a(main.c.obj)      (--whole-archive)
zephyr/libzephyr.a(heap.c.obj)
                              (--whole-archive)
zephyr/libzephyr.a(cbprintf_packaged.c.obj)
                              (--whole-archive)
zephyr/libzephyr.a(clock.c.obj)
                              (--whole-archive)
zephyr/libzephyr.a(printk.c.obj)
                              (--whole-archive)
zephyr/libzephyr.a(sem.c.obj)
                              (--whole-archive)
zephyr/libzephyr.a(thread_entry.c.obj)
                              (--whole-archive)
zephyr/libzephyr.a(cbprintf_complete.c.obj)
                              (--whole-archive)
zephyr/libzephyr.a(assert.c.obj)
                              (--whole-archive)
zephyr/libzephyr.a(dec.c.obj)
                              (--whole-archive)
zephyr/libzephyr.a(hex.c.obj)
                              (--whole-archive)
zephyr/libzephyr.a(rb.c.obj)  (--whole-archive)
zephyr/libzephyr.a(timeutil.c.obj)
                              (--whole-archive)
zephyr/libzephyr.a(bitarray.c.obj)
                              (--whole-archive)
zephyr/libzephyr.a(onoff.c.obj)
                              (--whole-archive)
zephyr/libzephyr.a(notify.c.obj)
                              (--whole-archive)
zephyr/libzephyr.a(ring_buffer.c.obj)
                              (--whole-archive)
zephyr/libzephyr.a(last_section_id.c.obj)
                              (--whole-archive)
zephyr/libzephyr.a(configs.c.obj)
                              (--whole-archive)
zephyr/libzephyr.a(mem_attr.c.obj)
                              (--whole-archive)
zephyr/libzephyr.a(tracing_none.c.obj)
                              (--whole-archive)
zephyr/arch/common/libarch__common.a(sw_isr_common.c.obj)
                              (--whole-archive)
zephyr/arch/arch/arm/core/libarch__arm__core.a(fatal.c.obj)
                              (--whole-archive)
zephyr/arch/arch/arm/core/libarch__arm__core.a(nmi.c.obj)
                              (--whole-archive)
zephyr/arch/arch/arm/core/libarch__arm__core.a(nmi_on_reset.S.obj)
                              (--whole-archive)
zephyr/arch/arch/arm/core/libarch__arm__core.a(tls.c.obj)
                              (--whole-archive)
zephyr/arch/arch/arm/core/cortex_m/libarch__arm__core__cortex_m.a(exc_exit.c.obj)
                              (--whole-archive)
zephyr/arch/arch/arm/core/cortex_m/libarch__arm__core__cortex_m.a(fault.c.obj)
                              (--whole-archive)
zephyr/arch/arch/arm/core/cortex_m/libarch__arm__core__cortex_m.a(fault_s.S.obj)
                              (--whole-archive)
zephyr/arch/arch/arm/core/cortex_m/libarch__arm__core__cortex_m.a(fpu.c.obj)
                              (--whole-archive)
zephyr/arch/arch/arm/core/cortex_m/libarch__arm__core__cortex_m.a(reset.S.obj)
                              (--whole-archive)
zephyr/arch/arch/arm/core/cortex_m/libarch__arm__core__cortex_m.a(scb.c.obj)
                              (--whole-archive)
zephyr/arch/arch/arm/core/cortex_m/libarch__arm__core__cortex_m.a(thread_abort.c.obj)
                              (--whole-archive)
zephyr/arch/arch/arm/core/cortex_m/libarch__arm__core__cortex_m.a(vector_table.S.obj)
                              (--whole-archive)
zephyr/arch/arch/arm/core/cortex_m/libarch__arm__core__cortex_m.a(swap_helper.S.obj)
                              (--whole-archive)
zephyr/arch/arch/arm/core/cortex_m/libarch__arm__core__cortex_m.a(irq_manage.c.obj)
                              (--whole-archive)
zephyr/arch/arch/arm/core/cortex_m/libarch__arm__core__cortex_m.a(prep_c.c.obj)
                              (--whole-archive)
zephyr/arch/arch/arm/core/cortex_m/libarch__arm__core__cortex_m.a(thread.c.obj)
                              (--whole-archive)
zephyr/arch/arch/arm/core/cortex_m/libarch__arm__core__cortex_m.a(cpu_idle.c.obj)
                              (--whole-archive)
zephyr/arch/arch/arm/core/cortex_m/libarch__arm__core__cortex_m.a(irq_init.c.obj)
                              (--whole-archive)
zephyr/arch/arch/arm/core/cortex_m/libarch__arm__core__cortex_m.a(isr_wrapper.c.obj)
                              (--whole-archive)
zephyr/arch/arch/arm/core/cortex_m/libarch__arm__core__cortex_m.a(__aeabi_read_tp.S.obj)
                              (--whole-archive)
zephyr/arch/arch/arm/core/mpu/libarch__arm__core__mpu.a(arm_core_mpu.c.obj)
                              (--whole-archive)
zephyr/arch/arch/arm/core/mpu/libarch__arm__core__mpu.a(arm_mpu.c.obj)
                              (--whole-archive)
zephyr/arch/arch/arm/core/mpu/libarch__arm__core__mpu.a(arm_mpu_regions.c.obj)
                              (--whole-archive)
zephyr/lib/libc/picolibc/liblib__libc__picolibc.a(assert.c.obj)
                              (--whole-archive)
zephyr/lib/libc/picolibc/liblib__libc__picolibc.a(cbprintf.c.obj)
                              (--whole-archive)
[...]
Memory Configuration

Name             Origin             Length             Attributes
FLASH            0x0000000000000000 0x0000000000100000 xr
RAM              0x0000000020000000 0x0000000000040000 xw
IDT_LIST         0x00000000ffff7fff 0x0000000000008000 xw
*default*        0x0000000000000000 0xffffffffffffffff

Linker script and memory map

                0x00000000000036c0                vfprintf = __l_vfprintf
                0x0000000000000000                vfscanf = __l_vfscanf
LOAD zephyr/CMakeFiles/zephyr_pre0.dir/misc/empty_file.c.obj
LOAD zephyr/CMakeFiles/offsets.dir/./arch/arm/core/offsets/offsets.c.obj
LOAD app/libapp.a
LOAD zephyr/libzephyr.a
LOAD zephyr/arch/common/libarch__common.a
LOAD zephyr/arch/arch/arm/core/libarch__arm__core.a
LOAD zephyr/arch/arch/arm/core/cortex_m/libarch__arm__core__cortex_m.a
LOAD zephyr/arch/arch/arm/core/mpu/libarch__arm__core__mpu.a
LOAD zephyr/lib/libc/picolibc/liblib__libc__picolibc.a
LOAD zephyr/lib/libc/common/liblib__libc__common.a
LOAD zephyr/soc/soc/nrf52840/libsoc__nordic.a
LOAD zephyr/drivers/clock_control/libdrivers__clock_control.a
LOAD zephyr/drivers/console/libdrivers__console.a
LOAD zephyr/drivers/gpio/libdrivers__gpio.a
LOAD zephyr/drivers/pinctrl/libdrivers__pinctrl.a
LOAD zephyr/drivers/serial/libdrivers__serial.a
LOAD zephyr/drivers/timer/libdrivers__timer.a
LOAD modules/hal_nordic/nrfx/libmodules__hal_nordic__nrfx.a
LOAD zephyr/kernel/libkernel.a
LOAD zephyr/arch/common/libisr_tables.a
LOAD /home/upgautam/zephyr-sdk-0.17.2/arm-zephyr-eabi/bin/../lib/gcc/../../picolibc/arm-zephyr-eabi/lib/thumb/v7e-m/nofp/libc.a
LOAD /home/upgautam/zephyr-sdk-0.17.2/arm-zephyr-eabi/bin/../lib/gcc/arm-zephyr-eabi/12.2.0/thumb/v7e-m/nofp/libgcc.a
                0x0000000000000020                _region_min_align = 0x20

.rel.plt        0x0000000000000000        0x0
 *(SORT_BY_ALIGNMENT(.rel.plt))
                [!provide]                        PROVIDE (__rel_iplt_start = .)
 *(SORT_BY_ALIGNMENT(.rel.iplt))
 .rel.iplt      0x0000000000000000        0x0 app/libapp.a(main.c.obj)
                [!provide]                        PROVIDE (__rel_iplt_end = .)

.rela.plt       0x0000000000000000        0x0
 *(SORT_BY_ALIGNMENT(.rela.plt))
                [!provide]                        PROVIDE (__rela_iplt_start = .)
 *(SORT_BY_ALIGNMENT(.rela.iplt))
                [!provide]                        PROVIDE (__rela_iplt_end = .)

.rel.dyn
 *(SORT_BY_ALIGNMENT(.rel.*))

.rela.dyn
 *(SORT_BY_ALIGNMENT(.rela.*))

/DISCARD/
 *(SORT_BY_ALIGNMENT(.plt))

/DISCARD/
 *(SORT_BY_ALIGNMENT(.iplt))
                0x0000000000000000                __rom_region_start = 0x0

rom_start       0x0000000000000000      0x100
                0x0000000000000000                __rom_start_address = .
 FILL mask 0x00
                0x0000000000000000                . = (. + (0x0 - (. - __rom_start_address)))
                0x0000000000000000                . = ALIGN (0x4)
                0x0000000000000000                . = ALIGN (0x80)
                0x0000000000000000                . = ALIGN (0x100)
                0x0000000000000000                _vector_start = .
 *(SORT_BY_ALIGNMENT(.exc_vector_table))
 *(SORT_BY_ALIGNMENT(.exc_vector_table.*))
 .exc_vector_table._vector_table_section
                0x0000000000000000       0x40 zephyr/arch/arch/arm/core/cortex_m/libarch__arm__core__cortex_m.a(vector_table.S.obj)
                0x0000000000000000                _vector_table
 *(SORT_BY_ALIGNMENT(.vectors))
                0x0000000000000100                _vector_end = .
                0x0000000000000040                . = ALIGN (0x4)
 *(SORT_BY_ALIGNMENT(.gnu.linkonce.irq_vector_table*))
 .gnu.linkonce.irq_vector_table
                0x0000000000000040       0xc0 zephyr/arch/common/libisr_tables.a(isr_tables.c.obj)
                0x0000000000000040                _irq_vector_table
                0x0000000000000100                _vector_end = .

text            0x0000000000000100     0x4498
                0x0000000000000100                __text_region_start = .
 *(SORT_BY_ALIGNMENT(.text))
 *(SORT_BY_ALIGNMENT(.text.*))
 .text.main     0x0000000000000100       0x74 app/libapp.a(main.c.obj)
                0x0000000000000100                main
 .text.char_out
                0x0000000000000174        0xc zephyr/libzephyr.a(printk.c.obj)
 .text.__printk_hook_install
                0x0000000000000180        0xc zephyr/libzephyr.a(printk.c.obj)
                0x0000000000000180                __printk_hook_install
 .text.vprintk  0x000000000000018c       0x30 zephyr/libzephyr.a(printk.c.obj)
                0x000000000000018c                vprintk
 .text.z_thread_entry
                0x00000000000001bc       0x34 zephyr/libzephyr.a(thread_entry.c.obj)
                0x00000000000001bc                z_thread_entry
 .text.process_event
                0x00000000000001f0      0x21c zephyr/libzephyr.a(onoff.c.obj)
 .text.mem_attr_get_regions
                0x000000000000040c        0xc zephyr/libzephyr.a(mem_attr.c.obj)
                0x000000000000040c                mem_attr_get_regions
 .text.z_arm_fatal_error
                0x0000000000000418       0x60 zephyr/arch/arch/arm/core/libarch__arm__core.a(fatal.c.obj)
                0x0000000000000418                z_arm_fatal_error
 .text.z_SysNmiOnReset
                0x0000000000000478        0x8 zephyr/arch/arch/arm/core/libarch__arm__core.a(nmi_on_reset.S.obj)
                0x0000000000000478                z_SysNmiOnReset
 .text.arch_tls_stack_setup
                0x0000000000000480       0x40 zephyr/arch/arch/arm/core/libarch__arm__core.a(tls.c.obj)
                0x0000000000000480                arch_tls_stack_setup
 .text._HandlerModeExit
                0x00000000000004c0       0x20 zephyr/arch/arch/arm/core/cortex_m/libarch__arm__core__cortex_m.a(exc_exit.c.obj)
                0x00000000000004c0                z_arm_exc_exit
                0x00000000000004c0                z_arm_int_exit
 .text.mem_manage_fault
                0x00000000000004e0       0xf0 zephyr/arch/arch/arm/core/cortex_m/libarch__arm__core__cortex_m.a(fault.c.obj)
 .text.usage_fault.constprop.0
                0x00000000000005d0       0x98 zephyr/arch/arch/arm/core/cortex_m/libarch__arm__core__cortex_m.a(fault.c.obj)
 .text.bus_fault.constprop.0
                0x0000000000000668       0xb8 zephyr/arch/arch/arm/core/cortex_m/libarch__arm__core__cortex_m.a(fault.c.obj)
 .text.z_arm_fault
                0x0000000000000720      0x1a0 zephyr/arch/arch/arm/core/cortex_m/libarch__arm__core__cortex_m.a(fault.c.obj)
                0x0000000000000720                z_arm_fault
 .text.z_arm_fault_init
                0x00000000000008c0       0x18 zephyr/arch/arch/arm/core/cortex_m/libarch__arm__core__cortex_m.a(fault.c.obj)
                0x00000000000008c0                z_arm_fault_init
 .text.__fault  0x00000000000008d8       0x14 zephyr/arch/arch/arm/core/cortex_m/libarch__arm__core__cortex_m.a(fault_s.S.obj)
                0x00000000000008d8                z_arm_bus_fault
                0x00000000000008d8                z_arm_usage_fault
                0x00000000000008d8                z_arm_mpu_fault
                0x00000000000008d8                z_arm_exc_spurious
                0x00000000000008d8                z_arm_debug_monitor
                0x00000000000008d8                z_arm_hard_fault
 .text._reset_section
                0x00000000000008ec       0x38 zephyr/arch/arch/arm/core/cortex_m/libarch__arm__core__cortex_m.a(reset.S.obj)
                0x00000000000008ec                z_arm_reset
                0x00000000000008ec                __start
 .text.z_impl_k_thread_abort
                0x0000000000000924       0x2c zephyr/arch/arch/arm/core/cortex_m/libarch__arm__core__cortex_m.a(thread_abort.c.obj)
                0x0000000000000924                z_impl_k_thread_abort
 .text.z_arm_pendsv
                0x0000000000000950       0x60 zephyr/arch/arch/arm/core/cortex_m/libarch__arm__core__cortex_m.a(swap_helper.S.obj)
                0x0000000000000950                z_arm_pendsv
 .text.z_arm_svc
                0x00000000000009b0       0x24 zephyr/arch/arch/arm/core/cortex_m/libarch__arm__core__cortex_m.a(swap_helper.S.obj)
                0x00000000000009b0                z_arm_svc
 .text.arm_irq_enable
                0x00000000000009d4       0x1c zephyr/arch/arch/arm/core/cortex_m/libarch__arm__core__cortex_m.a(irq_manage.c.obj)
                0x00000000000009d4                arm_irq_enable
 .text.arm_irq_is_enabled
                0x00000000000009f0       0x1c zephyr/arch/arch/arm/core/cortex_m/libarch__arm__core__cortex_m.a(irq_manage.c.obj)
                0x00000000000009f0                arm_irq_is_enabled
 .text.arm_irq_priority_set
                0x0000000000000a0c       0x30 zephyr/arch/arch/arm/core/cortex_m/libarch__arm__core__cortex_m.a(irq_manage.c.obj)
                0x0000000000000a0c                arm_irq_priority_set
 .text.relocate_vector_table
                0x0000000000000a3c       0x1c zephyr/arch/arch/arm/core/cortex_m/libarch__arm__core__cortex_m.a(prep_c.c.obj)
                0x0000000000000a3c                relocate_vector_table
 .text.z_prep_c
                0x0000000000000a58       0x38 zephyr/arch/arch/arm/core/cortex_m/libarch__arm__core__cortex_m.a(prep_c.c.obj)
                0x0000000000000a58                z_prep_c
 .text.arch_new_thread
                0x0000000000000a90       0x38 zephyr/arch/arch/arm/core/cortex_m/libarch__arm__core__cortex_m.a(thread.c.obj)
                0x0000000000000a90                arch_new_thread
 .text.z_check_thread_stack_fail
                0x0000000000000ac8       0x2c zephyr/arch/arch/arm/core/cortex_m/libarch__arm__core__cortex_m.a(thread.c.obj)
                0x0000000000000ac8                z_check_thread_stack_fail
 .text.arch_switch_to_main_thread
                0x0000000000000af4       0x3c zephyr/arch/arch/arm/core/cortex_m/libarch__arm__core__cortex_m.a(thread.c.obj)
                0x0000000000000af4                arch_switch_to_main_thread
 .text.z_arm_cpu_idle_init
                0x0000000000000b30        0xc zephyr/arch/arch/arm/core/cortex_m/libarch__arm__core__cortex_m.a(cpu_idle.c.obj)
                0x0000000000000b30                z_arm_cpu_idle_init
 .text.z_arm_interrupt_init
                0x0000000000000b3c       0x18 zephyr/arch/arch/arm/core/cortex_m/libarch__arm__core__cortex_m.a(irq_init.c.obj)
                0x0000000000000b3c                z_arm_interrupt_init
 .text._isr_wrapper
                0x0000000000000b54       0x24 zephyr/arch/arch/arm/core/cortex_m/libarch__arm__core__cortex_m.a(isr_wrapper.c.obj)
                0x0000000000000b54                _isr_wrapper
 .text.z_arm_configure_static_mpu_regions
                0x0000000000000b78       0x18 zephyr/arch/arch/arm/core/mpu/libarch__arm__core__mpu.a(arm_core_mpu.c.obj)
                0x0000000000000b78                z_arm_configure_static_mpu_regions
 .text.z_arm_configure_dynamic_mpu_regions
                0x0000000000000b90       0x20 zephyr/arch/arch/arm/core/mpu/libarch__arm__core__mpu.a(arm_core_mpu.c.obj)
                0x0000000000000b90                z_arm_configure_dynamic_mpu_regions
 .text.region_init
                0x0000000000000bb0       0x28 zephyr/arch/arch/arm/core/mpu/libarch__arm__core__mpu.a(arm_mpu.c.obj)
 .text.mpu_configure_regions
                0x0000000000000bd8       0x6c zephyr/arch/arch/arm/core/mpu/libarch__arm__core__mpu.a(arm_mpu.c.obj)
 .text.arm_core_mpu_enable
                0x0000000000000c44       0x18 zephyr/arch/arch/arm/core/mpu/libarch__arm__core__mpu.a(arm_mpu.c.obj)
                0x0000000000000c44                arm_core_mpu_enable
 .text.arm_core_mpu_disable
                0x0000000000000c5c       0x14 zephyr/arch/arch/arm/core/mpu/libarch__arm__core__mpu.a(arm_mpu.c.obj)
                0x0000000000000c5c                arm_core_mpu_disable
 .text.arm_core_mpu_configure_static_mpu_regions
                0x0000000000000c70       0x14 zephyr/arch/arch/arm/core/mpu/libarch__arm__core__mpu.a(arm_mpu.c.obj)
                0x0000000000000c70                arm_core_mpu_configure_static_mpu_regions
 .text.arm_core_mpu_configure_dynamic_mpu_regions
                0x0000000000000c84       0x38 zephyr/arch/arch/arm/core/mpu/libarch__arm__core__mpu.a(arm_mpu.c.obj)
                0x0000000000000c84                arm_core_mpu_configure_dynamic_mpu_regions
 .text.z_arm_mpu_init
                0x0000000000000cbc      0x168 zephyr/arch/arch/arm/core/mpu/libarch__arm__core__mpu.a(arm_mpu.c.obj)
                0x0000000000000cbc                z_arm_mpu_init
 .text.z_impl_zephyr_fputc
                0x0000000000000e24       0x10 zephyr/lib/libc/picolibc/liblib__libc__picolibc.a(stdio.c.obj)
                0x0000000000000e24                z_impl_zephyr_fputc
 .text.__stdout_hook_install
                0x0000000000000e34       0x18 zephyr/lib/libc/picolibc/liblib__libc__picolibc.a(stdio.c.obj)
                0x0000000000000e34                __stdout_hook_install
 .text.malloc_prepare
                0x0000000000000e4c       0x24 zephyr/lib/libc/common/liblib__libc__common.a(malloc.c.obj)
 .text.nordicsemi_nrf52_init
                0x0000000000000e70       0x44 zephyr/soc/soc/nrf52840/libsoc__nordic.a(soc.c.obj)
 .text.arch_busy_wait
                0x0000000000000eb4       0x14 zephyr/soc/soc/nrf52840/libsoc__nordic.a(soc.c.obj)
                0x0000000000000eb4                arch_busy_wait
 .text.onoff_stop
                0x0000000000000ec8       0x30 zephyr/drivers/clock_control/libdrivers__clock_control.a(clock_control_nrf.c.obj)
 .text.onoff_start
                0x0000000000000ef8       0x44 zephyr/drivers/clock_control/libdrivers__clock_control.a(clock_control_nrf.c.obj)
 .text.generic_hfclk_stop
                0x0000000000000f3c       0x34 zephyr/drivers/clock_control/libdrivers__clock_control.a(clock_control_nrf.c.obj)
 .text.clk_init
                0x0000000000000f70       0x58 zephyr/drivers/clock_control/libdrivers__clock_control.a(clock_control_nrf.c.obj)
 .text.api_blocking_start
                0x0000000000000fc8       0x34 zephyr/drivers/clock_control/libdrivers__clock_control.a(clock_control_nrf.c.obj)
 .text.clkstarted_handle.constprop.0
                0x0000000000000ffc       0x4c zephyr/drivers/clock_control/libdrivers__clock_control.a(clock_control_nrf.c.obj)
 .text.generic_hfclk_start
                0x0000000000001048       0x78 zephyr/drivers/clock_control/libdrivers__clock_control.a(clock_control_nrf.c.obj)
 .text.clock_event_handler
                0x00000000000010c0       0x1c zephyr/drivers/clock_control/libdrivers__clock_control.a(clock_control_nrf.c.obj)
 .text.z_nrf_clock_control_lf_on
                0x00000000000010dc       0xfc zephyr/drivers/clock_control/libdrivers__clock_control.a(clock_control_nrf.c.obj)
                0x00000000000010dc                z_nrf_clock_control_lf_on
 .text.uart_console_init
                0x00000000000011d8       0x28 zephyr/drivers/console/libdrivers__console.a(uart_console.c.obj)
 .text.console_out
                0x0000000000001200       0x28 zephyr/drivers/console/libdrivers__console.a(uart_console.c.obj)
 .text.gpio_nrfx_pin_interrupt_configure
                0x0000000000001228      0x11c zephyr/drivers/gpio/libdrivers__gpio.a(gpio_nrfx.c.obj)
 .text.nrfx_gpio_handler
                0x0000000000001344       0x4c zephyr/drivers/gpio/libdrivers__gpio.a(gpio_nrfx.c.obj)
 .text.gpio_nrfx_init
                0x0000000000001390       0x48 zephyr/drivers/gpio/libdrivers__gpio.a(gpio_nrfx.c.obj)
 .text.gpio_nrfx_pin_configure
                0x00000000000013d8      0x18c zephyr/drivers/gpio/libdrivers__gpio.a(gpio_nrfx.c.obj)
 .text.nrf_gpio_pin_port_decode
                0x0000000000001564       0x20 zephyr/drivers/pinctrl/libdrivers__pinctrl.a(pinctrl_nrf.c.obj)
 .text.pinctrl_configure_pins
                0x0000000000001584      0x1a4 zephyr/drivers/pinctrl/libdrivers__pinctrl.a(pinctrl_nrf.c.obj)
                0x0000000000001584                pinctrl_configure_pins
 .text.uarte_nrfx_poll_out
                0x0000000000001728       0xb4 zephyr/drivers/serial/libdrivers__serial.a(uart_nrfx_uarte.c.obj)
 .text.uarte_0_init
                0x00000000000017dc      0x108 zephyr/drivers/serial/libdrivers__serial.a(uart_nrfx_uarte.c.obj)
 .text.compare_int_lock
                0x00000000000018e4       0x48 zephyr/drivers/timer/libdrivers__timer.a(nrf_rtc_timer.c.obj)
 .text.sys_clock_timeout_handler
                0x000000000000192c       0x48 zephyr/drivers/timer/libdrivers__timer.a(nrf_rtc_timer.c.obj)
 .text.compare_int_unlock
                0x0000000000001974       0x5c zephyr/drivers/timer/libdrivers__timer.a(nrf_rtc_timer.c.obj)
 .text.z_nrf_rtc_timer_read
                0x00000000000019d0       0x44 zephyr/drivers/timer/libdrivers__timer.a(nrf_rtc_timer.c.obj)
                0x00000000000019d0                z_nrf_rtc_timer_read
 .text.compare_set
                0x0000000000001a14      0x130 zephyr/drivers/timer/libdrivers__timer.a(nrf_rtc_timer.c.obj)
 .text.sys_clock_driver_init
                0x0000000000001b44       0x90 zephyr/drivers/timer/libdrivers__timer.a(nrf_rtc_timer.c.obj)
 .text.rtc_nrf_isr
                0x0000000000001bd4       0xd4 zephyr/drivers/timer/libdrivers__timer.a(nrf_rtc_timer.c.obj)
                0x0000000000001bd4                rtc_nrf_isr
 .text.sys_clock_set_timeout
                0x0000000000001ca8       0x5c zephyr/drivers/timer/libdrivers__timer.a(nrf_rtc_timer.c.obj)
                0x0000000000001ca8                sys_clock_set_timeout
 .text.sys_clock_elapsed
                0x0000000000001d04       0x14 zephyr/drivers/timer/libdrivers__timer.a(nrf_rtc_timer.c.obj)
                0x0000000000001d04                sys_clock_elapsed
 .text.nrf52_errata_98
                0x0000000000001d18       0x24 modules/hal_nordic/nrfx/libmodules__hal_nordic__nrfx.a(system_nrf52840.c.obj)
 .text.nvmc_wait
                0x0000000000001d3c       0x10 modules/hal_nordic/nrfx/libmodules__hal_nordic__nrfx.a(system_nrf52840.c.obj)
                0x0000000000001d3c                nvmc_wait
 .text.SystemInit
                0x0000000000001d4c      0x1bc modules/hal_nordic/nrfx/libmodules__hal_nordic__nrfx.a(system_nrf52840.c.obj)
                0x0000000000001d4c                SystemInit
 .text.nrfx_flag32_alloc
                0x0000000000001f08       0x48 modules/hal_nordic/nrfx/libmodules__hal_nordic__nrfx.a(nrfx_flag32_allocator.c.obj)
                0x0000000000001f08                nrfx_flag32_alloc
 .text.nrfx_flag32_free
                0x0000000000001f50       0x40 modules/hal_nordic/nrfx/libmodules__hal_nordic__nrfx.a(nrfx_flag32_allocator.c.obj)
                0x0000000000001f50                nrfx_flag32_free
 .text.nrfx_gppi_channels_enable
                0x0000000000001f90        0xc modules/hal_nordic/nrfx/libmodules__hal_nordic__nrfx.a(nrfx_gppi_ppi.c.obj)
                0x0000000000001f90                nrfx_gppi_channels_enable
 .text.clock_stop
                0x0000000000001f9c       0xc4 modules/hal_nordic/nrfx/libmodules__hal_nordic__nrfx.a(nrfx_clock.c.obj)
 .text.nrfx_clock_init
                0x0000000000002060       0x20 modules/hal_nordic/nrfx/libmodules__hal_nordic__nrfx.a(nrfx_clock.c.obj)
                0x0000000000002060                nrfx_clock_init
 .text.nrfx_clock_enable
                0x0000000000002080       0x24 modules/hal_nordic/nrfx/libmodules__hal_nordic__nrfx.a(nrfx_clock.c.obj)
                0x0000000000002080                nrfx_clock_enable
 .text.nrfx_clock_start
                0x00000000000020a4       0xa8 modules/hal_nordic/nrfx/libmodules__hal_nordic__nrfx.a(nrfx_clock.c.obj)
                0x00000000000020a4                nrfx_clock_start
 .text.nrfx_power_clock_irq_handler
                0x000000000000214c       0x7c modules/hal_nordic/nrfx/libmodules__hal_nordic__nrfx.a(nrfx_clock.c.obj)
                0x000000000000214c                nrfx_power_clock_irq_handler
 .text.nrf_gpio_pin_port_decode
                0x00000000000021c8       0x20 modules/hal_nordic/nrfx/libmodules__hal_nordic__nrfx.a(nrfx_gpiote.c.obj)
 .text.get_pin_idx
                0x00000000000021e8       0x14 modules/hal_nordic/nrfx/libmodules__hal_nordic__nrfx.a(nrfx_gpiote.c.obj)
 .text.call_handler.constprop.0
                0x00000000000021fc       0x40 modules/hal_nordic/nrfx/libmodules__hal_nordic__nrfx.a(nrfx_gpiote.c.obj)
 .text.pin_te_get.constprop.0
                0x000000000000223c       0x18 modules/hal_nordic/nrfx/libmodules__hal_nordic__nrfx.a(nrfx_gpiote.c.obj)
 .text.pin_is_output.constprop.0
                0x0000000000002254       0x18 modules/hal_nordic/nrfx/libmodules__hal_nordic__nrfx.a(nrfx_gpiote.c.obj)
 .text.pin_in_use_by_te.constprop.0
                0x000000000000226c       0x18 modules/hal_nordic/nrfx/libmodules__hal_nordic__nrfx.a(nrfx_gpiote.c.obj)
 .text.latch_pending_read_and_check
                0x0000000000002284       0x40 modules/hal_nordic/nrfx/libmodules__hal_nordic__nrfx.a(nrfx_gpiote.c.obj)
 .text.release_handler.isra.0
                0x00000000000022c4       0x58 modules/hal_nordic/nrfx/libmodules__hal_nordic__nrfx.a(nrfx_gpiote.c.obj)
 .text.__nrfy_internal_gpiote_events_process.constprop.0
                0x000000000000231c       0x5c modules/hal_nordic/nrfx/libmodules__hal_nordic__nrfx.a(nrfx_gpiote.c.obj)
 .text.pin_uninit
                0x0000000000002378       0x80 modules/hal_nordic/nrfx/libmodules__hal_nordic__nrfx.a(nrfx_gpiote.c.obj)
 .text.nrfx_gpiote_input_configure
                0x00000000000023f8      0x178 modules/hal_nordic/nrfx/libmodules__hal_nordic__nrfx.a(nrfx_gpiote.c.obj)
                0x00000000000023f8                nrfx_gpiote_input_configure
 .text.nrfx_gpiote_output_configure
                0x0000000000002570       0xfc modules/hal_nordic/nrfx/libmodules__hal_nordic__nrfx.a(nrfx_gpiote.c.obj)
                0x0000000000002570                nrfx_gpiote_output_configure
 .text.nrfx_gpiote_global_callback_set
                0x000000000000266c        0xc modules/hal_nordic/nrfx/libmodules__hal_nordic__nrfx.a(nrfx_gpiote.c.obj)
                0x000000000000266c                nrfx_gpiote_global_callback_set
 .text.nrfx_gpiote_channel_get
                0x0000000000002678       0x34 modules/hal_nordic/nrfx/libmodules__hal_nordic__nrfx.a(nrfx_gpiote.c.obj)
                0x0000000000002678                nrfx_gpiote_channel_get
 .text.nrfx_gpiote_init
                0x00000000000026ac       0x48 modules/hal_nordic/nrfx/libmodules__hal_nordic__nrfx.a(nrfx_gpiote.c.obj)
                0x00000000000026ac                nrfx_gpiote_init
 .text.nrfx_gpiote_init_check
                0x00000000000026f4       0x14 modules/hal_nordic/nrfx/libmodules__hal_nordic__nrfx.a(nrfx_gpiote.c.obj)
                0x00000000000026f4                nrfx_gpiote_init_check
 .text.nrfx_gpiote_channel_free
                0x0000000000002708       0x10 modules/hal_nordic/nrfx/libmodules__hal_nordic__nrfx.a(nrfx_gpiote.c.obj)
                0x0000000000002708                nrfx_gpiote_channel_free
 .text.nrfx_gpiote_channel_alloc
                0x0000000000002718       0x10 modules/hal_nordic/nrfx/libmodules__hal_nordic__nrfx.a(nrfx_gpiote.c.obj)
                0x0000000000002718                nrfx_gpiote_channel_alloc
 .text.nrfx_gpiote_trigger_enable
                0x0000000000002728       0xa8 modules/hal_nordic/nrfx/libmodules__hal_nordic__nrfx.a(nrfx_gpiote.c.obj)
                0x0000000000002728                nrfx_gpiote_trigger_enable
 .text.nrfx_gpiote_0_irq_handler
                0x00000000000027d0      0x1b0 modules/hal_nordic/nrfx/libmodules__hal_nordic__nrfx.a(nrfx_gpiote.c.obj)
                0x00000000000027d0                nrfx_gpiote_0_irq_handler
 .text.nrfx_ppi_channel_alloc
                0x0000000000002980        0xc modules/hal_nordic/nrfx/libmodules__hal_nordic__nrfx.a(nrfx_ppi.c.obj)
                0x0000000000002980                nrfx_ppi_channel_alloc
 .text.z_fatal_error
                0x000000000000298c       0x30 zephyr/kernel/libkernel.a(fatal.c.obj)
                0x000000000000298c                z_fatal_error
 .text.z_sys_init_run_level
                0x00000000000029bc       0x30 zephyr/kernel/libkernel.a(init.c.obj)
 .text.bg_thread_main
                0x00000000000029ec       0xc0 zephyr/kernel/libkernel.a(init.c.obj)
 .text.z_bss_zero
                0x0000000000002aac       0x18 zephyr/kernel/libkernel.a(init.c.obj)
                0x0000000000002aac                z_bss_zero
 .text.z_init_cpu
                0x0000000000002ac4       0x70 zephyr/kernel/libkernel.a(init.c.obj)
                0x0000000000002ac4                z_init_cpu
 .text.z_cstart
                0x0000000000002b34       0xd0 zephyr/kernel/libkernel.a(init.c.obj)
                0x0000000000002b34                z_cstart
 .text.z_impl_k_sem_give
                0x0000000000002c04       0x68 zephyr/kernel/libkernel.a(sem.c.obj)
                0x0000000000002c04                z_impl_k_sem_give
 .text.z_impl_k_sem_take
                0x0000000000002c6c       0x4c zephyr/kernel/libkernel.a(sem.c.obj)
                0x0000000000002c6c                z_impl_k_sem_take
 .text.z_setup_new_thread
                0x0000000000002cb8       0x98 zephyr/kernel/libkernel.a(thread.c.obj)
                0x0000000000002cb8                z_setup_new_thread
 .text.z_dummy_thread_init
                0x0000000000002d50       0x18 zephyr/kernel/libkernel.a(thread.c.obj)
                0x0000000000002d50                z_dummy_thread_init
 .text.z_swap_irqlock
                0x0000000000002d68       0x30 zephyr/kernel/libkernel.a(sched.c.obj)
 .text.ready_thread
                0x0000000000002d98       0x84 zephyr/kernel/libkernel.a(sched.c.obj)
 .text.unready_thread
                0x0000000000002e1c       0x54 zephyr/kernel/libkernel.a(sched.c.obj)
 .text.add_thread_timeout
                0x0000000000002e70       0x1c zephyr/kernel/libkernel.a(sched.c.obj)
 .text.move_thread_to_end_of_prio_q
                0x0000000000002e8c       0x90 zephyr/kernel/libkernel.a(sched.c.obj)
                0x0000000000002e8c                move_thread_to_end_of_prio_q
 .text.z_pend_curr
                0x0000000000002f1c       0x44 zephyr/kernel/libkernel.a(sched.c.obj)
                0x0000000000002f1c                z_pend_curr
 .text.z_reschedule
                0x0000000000002f60       0x24 zephyr/kernel/libkernel.a(sched.c.obj)
                0x0000000000002f60                z_reschedule
 .text.z_reschedule_irqlock
                0x0000000000002f84       0x28 zephyr/kernel/libkernel.a(sched.c.obj)
                0x0000000000002f84                z_reschedule_irqlock
 .text.k_sched_lock
                0x0000000000002fac       0x28 zephyr/kernel/libkernel.a(sched.c.obj)
                0x0000000000002fac                k_sched_lock
 .text.k_sched_unlock
                0x0000000000002fd4       0x68 zephyr/kernel/libkernel.a(sched.c.obj)
                0x0000000000002fd4                k_sched_unlock
 .text.z_sched_init
                0x000000000000303c       0x10 zephyr/kernel/libkernel.a(sched.c.obj)
                0x000000000000303c                z_sched_init
 .text.z_impl_k_yield
                0x000000000000304c       0x88 zephyr/kernel/libkernel.a(sched.c.obj)
                0x000000000000304c                z_impl_k_yield
 .text.z_tick_sleep
                0x00000000000030d4       0x78 zephyr/kernel/libkernel.a(sched.c.obj)
 .text.z_impl_k_wakeup
                0x000000000000314c       0x48 zephyr/kernel/libkernel.a(sched.c.obj)
                0x000000000000314c                z_impl_k_wakeup
 .text.z_impl_k_sched_current_thread_query
                0x0000000000003194        0xc zephyr/kernel/libkernel.a(sched.c.obj)
                0x0000000000003194                z_impl_k_sched_current_thread_query
 .text.z_thread_abort
                0x00000000000031a0      0x140 zephyr/kernel/libkernel.a(sched.c.obj)
                0x00000000000031a0                z_thread_abort
 .text.slice_timeout
                0x00000000000032e0       0x20 zephyr/kernel/libkernel.a(timeslicing.c.obj)
 .text.thread_is_sliceable
                0x0000000000003300       0x3c zephyr/kernel/libkernel.a(timeslicing.c.obj)
                0x0000000000003300                thread_is_sliceable
 .text.z_reset_time_slice
                0x000000000000333c       0x50 zephyr/kernel/libkernel.a(timeslicing.c.obj)
                0x000000000000333c                z_reset_time_slice
 .text.z_time_slice
                0x000000000000338c       0x60 zephyr/kernel/libkernel.a(timeslicing.c.obj)
                0x000000000000338c                z_time_slice
 .text.z_data_copy
                0x00000000000033ec       0x38 zephyr/kernel/libkernel.a(xip.c.obj)
                0x00000000000033ec                z_data_copy
 .text.first    0x0000000000003424       0x10 zephyr/kernel/libkernel.a(timeout.c.obj)
 .text.elapsed  0x0000000000003434       0x14 zephyr/kernel/libkernel.a(timeout.c.obj)
 .text.remove_timeout
                0x0000000000003448       0x38 zephyr/kernel/libkernel.a(timeout.c.obj)
 .text.z_add_timeout
                0x0000000000003480      0x120 zephyr/kernel/libkernel.a(timeout.c.obj)
                0x0000000000003480                z_add_timeout
 .text.sys_clock_announce
                0x00000000000035a0       0xc0 zephyr/kernel/libkernel.a(timeout.c.obj)
                0x00000000000035a0                sys_clock_announce
 .text.sys_clock_tick_get
                0x0000000000003660       0x30 zephyr/kernel/libkernel.a(timeout.c.obj)
                0x0000000000003660                sys_clock_tick_get
 .text.boot_banner
                0x0000000000003690        0xc zephyr/kernel/libkernel.a(banner.c.obj)
                0x0000000000003690                boot_banner
 .text.printf   0x000000000000369c       0x24 /home/upgautam/zephyr-sdk-0.17.2/arm-zephyr-eabi/bin/../lib/gcc/../../picolibc/arm-zephyr-eabi/lib/thumb/v7e-m/nofp/libc.a(libc_tinystdio_printf.c.o)
                0x000000000000369c                printf
 .text.__l_vfprintf
                0x00000000000036c0      0x4b8 /home/upgautam/zephyr-sdk-0.17.2/arm-zephyr-eabi/bin/../lib/gcc/../../picolibc/arm-zephyr-eabi/lib/thumb/v7e-m/nofp/libc.a(libc_tinystdio_vflprintf.c.o)
                0x00000000000036c0                __l_vfprintf
 .text._OffsetAbsSyms
                0x0000000000003b78        0x2 zephyr/CMakeFiles/offsets.dir/./arch/arm/core/offsets/offsets.c.obj
                0x0000000000003b78                _OffsetAbsSyms
 .text.chunk_size
                0x0000000000003b7a        0xa zephyr/libzephyr.a(heap.c.obj)
 .text.free_list_add
                0x0000000000003b84       0x4e zephyr/libzephyr.a(heap.c.obj)
 .text.sys_heap_init
                0x0000000000003bd2       0x7a zephyr/libzephyr.a(heap.c.obj)
                0x0000000000003bd2                sys_heap_init
 .text.arch_printk_char_out
                0x0000000000003c4c        0x4 zephyr/libzephyr.a(printk.c.obj)
                0x0000000000003c4c                arch_printk_char_out
 .text.printk   0x0000000000003c50       0x1a zephyr/libzephyr.a(printk.c.obj)
                0x0000000000003c50                printk
 .text.process_recheck
                0x0000000000003c6a       0x38 zephyr/libzephyr.a(onoff.c.obj)
 .text.validate_args
                0x0000000000003ca2       0x20 zephyr/libzephyr.a(onoff.c.obj)
 .text.notify_one
                0x0000000000003cc2       0x2c zephyr/libzephyr.a(onoff.c.obj)
 .text.transition_complete
                0x0000000000003cee       0x1a zephyr/libzephyr.a(onoff.c.obj)
 .text.onoff_manager_init
                0x0000000000003d08       0x26 zephyr/libzephyr.a(onoff.c.obj)
                0x0000000000003d08                onoff_manager_init
 .text.onoff_request
                0x0000000000003d2e       0xae zephyr/libzephyr.a(onoff.c.obj)
                0x0000000000003d2e                onoff_request
 .text.sys_notify_validate
                0x0000000000003ddc       0x22 zephyr/libzephyr.a(notify.c.obj)
                0x0000000000003ddc                sys_notify_validate
 .text.sys_notify_finalize
                0x0000000000003dfe       0x1a zephyr/libzephyr.a(notify.c.obj)
                0x0000000000003dfe                sys_notify_finalize
 .text._ConfigAbsSyms
                0x0000000000003e18        0x2 zephyr/libzephyr.a(configs.c.obj)
                0x0000000000003e18                _ConfigAbsSyms
 .text.z_do_kernel_oops
                0x0000000000003e1a        0x8 zephyr/arch/arch/arm/core/libarch__arm__core.a(fatal.c.obj)
                0x0000000000003e1a                z_do_kernel_oops
 .text.z_arm_nmi
                0x0000000000003e22        0xe zephyr/arch/arch/arm/core/libarch__arm__core.a(nmi.c.obj)
                0x0000000000003e22                z_arm_nmi
 .text.z_irq_spurious
                0x0000000000003e30        0x8 zephyr/arch/arch/arm/core/cortex_m/libarch__arm__core__cortex_m.a(irq_manage.c.obj)
                0x0000000000003e30                z_irq_spurious
 .text.arch_coprocessors_disable
                0x0000000000003e38        0x6 zephyr/arch/arch/arm/core/cortex_m/libarch__arm__core__cortex_m.a(thread.c.obj)
                0x0000000000003e38                arch_coprocessors_disable
 .text.arch_irq_unlock_outlined
                0x0000000000003e3e        0xe zephyr/arch/arch/arm/core/cortex_m/libarch__arm__core__cortex_m.a(thread.c.obj)
                0x0000000000003e3e                arch_irq_unlock_outlined
 .text.arch_cpu_idle
                0x0000000000003e4c       0x1a zephyr/arch/arch/arm/core/cortex_m/libarch__arm__core__cortex_m.a(cpu_idle.c.obj)
                0x0000000000003e4c                arch_cpu_idle
 .text.arch_cpu_atomic_idle
                0x0000000000003e66       0x1e zephyr/arch/arch/arm/core/cortex_m/libarch__arm__core__cortex_m.a(cpu_idle.c.obj)
                0x0000000000003e66                arch_cpu_atomic_idle
 .text.size_to_mpu_rasr_size
                0x0000000000003e84       0x20 zephyr/arch/arch/arm/core/mpu/libarch__arm__core__mpu.a(arm_mpu.c.obj)
 .text.picolibc_put
                0x0000000000003ea4        0xa zephyr/lib/libc/picolibc/liblib__libc__picolibc.a(stdio.c.obj)
 .text.get_status
                0x0000000000003eae       0x12 zephyr/drivers/clock_control/libdrivers__clock_control.a(clock_control_nrf.c.obj)
 .text.stop     0x0000000000003ec0       0x52 zephyr/drivers/clock_control/libdrivers__clock_control.a(clock_control_nrf.c.obj)
 .text.api_stop
                0x0000000000003f12        0x6 zephyr/drivers/clock_control/libdrivers__clock_control.a(clock_control_nrf.c.obj)
 .text.async_start
                0x0000000000003f18       0x5c zephyr/drivers/clock_control/libdrivers__clock_control.a(clock_control_nrf.c.obj)
 .text.api_start
                0x0000000000003f74        0xe zephyr/drivers/clock_control/libdrivers__clock_control.a(clock_control_nrf.c.obj)
 .text.onoff_started_callback
                0x0000000000003f82       0x12 zephyr/drivers/clock_control/libdrivers__clock_control.a(clock_control_nrf.c.obj)
 .text.lfclk_start
                0x0000000000003f94        0x6 zephyr/drivers/clock_control/libdrivers__clock_control.a(clock_control_nrf.c.obj)
 .text.lfclk_stop
                0x0000000000003f9a        0x6 zephyr/drivers/clock_control/libdrivers__clock_control.a(clock_control_nrf.c.obj)
 .text.blocking_start_callback
                0x0000000000003fa0        0x6 zephyr/drivers/clock_control/libdrivers__clock_control.a(clock_control_nrf.c.obj)
 .text.gpio_nrfx_port_get_raw
                0x0000000000003fa6        0xe zephyr/drivers/gpio/libdrivers__gpio.a(gpio_nrfx.c.obj)
 .text.gpio_nrfx_port_set_masked_raw
                0x0000000000003fb4       0x18 zephyr/drivers/gpio/libdrivers__gpio.a(gpio_nrfx.c.obj)
 .text.gpio_nrfx_port_set_bits_raw
                0x0000000000003fcc        0xc zephyr/drivers/gpio/libdrivers__gpio.a(gpio_nrfx.c.obj)
 .text.gpio_nrfx_port_clear_bits_raw
                0x0000000000003fd8        0xc zephyr/drivers/gpio/libdrivers__gpio.a(gpio_nrfx.c.obj)
 .text.gpio_nrfx_port_toggle_bits
                0x0000000000003fe4       0x1a zephyr/drivers/gpio/libdrivers__gpio.a(gpio_nrfx.c.obj)
 .text.gpio_nrfx_manage_callback
                0x0000000000003ffe       0x52 zephyr/drivers/gpio/libdrivers__gpio.a(gpio_nrfx.c.obj)
 .text.pinctrl_lookup_state
                0x0000000000004050       0x26 zephyr/drivers/pinctrl/libdrivers__pinctrl.a(common.c.obj)
                0x0000000000004050                pinctrl_lookup_state
 .text.uarte_nrfx_err_check
                0x0000000000004076        0xe zephyr/drivers/serial/libdrivers__serial.a(uart_nrfx_uarte.c.obj)
 .text.uarte_nrfx_poll_in
                0x0000000000004084       0x26 zephyr/drivers/serial/libdrivers__serial.a(uart_nrfx_uarte.c.obj)
 .text.is_tx_ready.isra.0
                0x00000000000040aa       0x20 zephyr/drivers/serial/libdrivers__serial.a(uart_nrfx_uarte.c.obj)
 .text.uarte_nrfx_isr_int
                0x00000000000040ca       0x42 zephyr/drivers/serial/libdrivers__serial.a(uart_nrfx_uarte.c.obj)
 .text.pinctrl_apply_state.isra.0
                0x000000000000410c       0x1e zephyr/drivers/serial/libdrivers__serial.a(uart_nrfx_uarte.c.obj)
 .text.event_clear
                0x000000000000412a       0x18 zephyr/drivers/timer/libdrivers__timer.a(nrf_rtc_timer.c.obj)
 .text.nrfx_isr
                0x0000000000004142        0x2 modules/hal_nordic/nrfx/libmodules__hal_nordic__nrfx.a(nrfx_glue.c.obj)
                0x0000000000004142                nrfx_isr
 .text.nrfx_busy_wait
                0x0000000000004144        0x4 modules/hal_nordic/nrfx/libmodules__hal_nordic__nrfx.a(nrfx_glue.c.obj)
                0x0000000000004144                nrfx_busy_wait
 .text.nrfx_gppi_channel_endpoints_setup
                0x0000000000004148       0x14 modules/hal_nordic/nrfx/libmodules__hal_nordic__nrfx.a(nrfx_gppi_ppi.c.obj)
                0x0000000000004148                nrfx_gppi_channel_endpoints_setup
 .text.nrfx_gppi_channel_alloc
                0x000000000000415c        0x4 modules/hal_nordic/nrfx/libmodules__hal_nordic__nrfx.a(nrfx_gppi_ppi.c.obj)
                0x000000000000415c                nrfx_gppi_channel_alloc
 .text.nrfx_clock_stop
                0x0000000000004160        0x4 modules/hal_nordic/nrfx/libmodules__hal_nordic__nrfx.a(nrfx_clock.c.obj)
                0x0000000000004160                nrfx_clock_stop
 .text.nrf_gpio_reconfigure
                0x0000000000004164       0x92 modules/hal_nordic/nrfx/libmodules__hal_nordic__nrfx.a(nrfx_gpiote.c.obj)
 .text.nrf_gpio_cfg_sense_set
                0x00000000000041f6       0x1e modules/hal_nordic/nrfx/libmodules__hal_nordic__nrfx.a(nrfx_gpiote.c.obj)
 .text.pin_trigger_disable
                0x0000000000004214       0x48 modules/hal_nordic/nrfx/libmodules__hal_nordic__nrfx.a(nrfx_gpiote.c.obj)
 .text.nrfx_gpiote_pin_uninit
                0x000000000000425c        0x4 modules/hal_nordic/nrfx/libmodules__hal_nordic__nrfx.a(nrfx_gpiote.c.obj)
                0x000000000000425c                nrfx_gpiote_pin_uninit
 .text.nrfx_gpiote_trigger_disable
                0x0000000000004260        0x4 modules/hal_nordic/nrfx/libmodules__hal_nordic__nrfx.a(nrfx_gpiote.c.obj)
                0x0000000000004260                nrfx_gpiote_trigger_disable
 .text.z_impl_k_busy_wait
                0x0000000000004264        0x8 zephyr/kernel/libkernel.a(busy_wait.c.obj)
                0x0000000000004264                z_impl_k_busy_wait
 .text.z_device_state_init
                0x000000000000426c        0x2 zephyr/kernel/libkernel.a(device.c.obj)
                0x000000000000426c                z_device_state_init
 .text.z_impl_device_is_ready
                0x000000000000426e       0x16 zephyr/kernel/libkernel.a(device.c.obj)
                0x000000000000426e                z_impl_device_is_ready
 .text.arch_system_halt
                0x0000000000004284       0x10 zephyr/kernel/libkernel.a(fatal.c.obj)
                0x0000000000004284                arch_system_halt
 .text.k_sys_fatal_error_handler
                0x0000000000004294        0x6 zephyr/kernel/libkernel.a(fatal.c.obj)
                0x0000000000004294                k_sys_fatal_error_handler
 .text.do_device_init
                0x000000000000429a       0x2e zephyr/kernel/libkernel.a(init.c.obj)
 .text.z_early_memset
                0x00000000000042c8        0x4 zephyr/kernel/libkernel.a(init.c.obj)
                0x00000000000042c8                z_early_memset
 .text.z_early_memcpy
                0x00000000000042cc        0x4 zephyr/kernel/libkernel.a(init.c.obj)
                0x00000000000042cc                z_early_memcpy
 .text.idle     0x00000000000042d0       0x16 zephyr/kernel/libkernel.a(idle.c.obj)
                0x00000000000042d0                idle
 .text.k_is_in_isr
                0x00000000000042e6        0xc zephyr/kernel/libkernel.a(thread.c.obj)
                0x00000000000042e6                k_is_in_isr
 .text.sys_dlist_remove
                0x00000000000042f2       0x10 zephyr/kernel/libkernel.a(sched.c.obj)
 .text.unpend_thread_no_timeout
                0x0000000000004302       0x14 zephyr/kernel/libkernel.a(sched.c.obj)
 .text.add_to_waitq_locked
                0x0000000000004316       0x50 zephyr/kernel/libkernel.a(sched.c.obj)
 .text.z_ready_thread
                0x0000000000004366       0x1e zephyr/kernel/libkernel.a(sched.c.obj)
                0x0000000000004366                z_ready_thread
 .text.z_sched_wake_thread
                0x0000000000004384       0x3a zephyr/kernel/libkernel.a(sched.c.obj)
                0x0000000000004384                z_sched_wake_thread
 .text.z_thread_timeout
                0x00000000000043be        0x8 zephyr/kernel/libkernel.a(sched.c.obj)
                0x00000000000043be                z_thread_timeout
 .text.z_impl_k_sleep
                0x00000000000043c6       0x4e zephyr/kernel/libkernel.a(sched.c.obj)
                0x00000000000043c6                z_impl_k_sleep
 .text.next_timeout
                0x0000000000004414       0x2e zephyr/kernel/libkernel.a(timeout.c.obj)
 .text.z_abort_timeout
                0x0000000000004442       0x50 zephyr/kernel/libkernel.a(timeout.c.obj)
                0x0000000000004442                z_abort_timeout
 .text.sys_clock_tick_get_32
                0x0000000000004492        0x8 zephyr/kernel/libkernel.a(timeout.c.obj)
                0x0000000000004492                sys_clock_tick_get_32
 .text.memcpy   0x000000000000449a       0x1c /home/upgautam/zephyr-sdk-0.17.2/arm-zephyr-eabi/bin/../lib/gcc/../../picolibc/arm-zephyr-eabi/lib/thumb/v7e-m/nofp/libc.a(memcpy.c.o)
                0x000000000000449a                memcpy
                0x000000000000449a                __aeabi_memcpy
                0x000000000000449a                __aeabi_memcpy4
                0x000000000000449a                __aeabi_memcpy8
 .text.memset   0x00000000000044b6       0x10 /home/upgautam/zephyr-sdk-0.17.2/arm-zephyr-eabi/bin/../lib/gcc/../../picolibc/arm-zephyr-eabi/lib/thumb/v7e-m/nofp/libc.a(memset.c.o)
                0x00000000000044b6                memset
 .text.strnlen  0x00000000000044c6       0x18 /home/upgautam/zephyr-sdk-0.17.2/arm-zephyr-eabi/bin/../lib/gcc/../../picolibc/arm-zephyr-eabi/lib/thumb/v7e-m/nofp/libc.a(libc_string_strnlen.c.o)
                0x00000000000044c6                strnlen
 .text.__ultoa_invert
                0x00000000000044de       0xae /home/upgautam/zephyr-sdk-0.17.2/arm-zephyr-eabi/bin/../lib/gcc/../../picolibc/arm-zephyr-eabi/lib/thumb/v7e-m/nofp/libc.a(libc_tinystdio_vflprintf.c.o)
 *(SORT_BY_ALIGNMENT(.TEXT.*))
 .TEXT.__aeabi_read_tp
                0x000000000000458c        0xc zephyr/arch/arch/arm/core/cortex_m/libarch__arm__core__cortex_m.a(__aeabi_read_tp.S.obj)
                0x000000000000458c                __aeabi_read_tp
 *(SORT_BY_ALIGNMENT(.gnu.linkonce.t.*))
 *(SORT_BY_ALIGNMENT(.glue_7t))
 .glue_7t       0x0000000000004598        0x0 linker stubs
 *(SORT_BY_ALIGNMENT(.glue_7))
 .glue_7        0x0000000000004598        0x0 linker stubs
 *(SORT_BY_ALIGNMENT(.vfp11_veneer))
 .vfp11_veneer  0x0000000000004598        0x0 linker stubs
 *(SORT_BY_ALIGNMENT(.v4_bx))
 .v4_bx         0x0000000000004598        0x0 linker stubs
                0x0000000000004598                . = ALIGN (0x4)
                0x0000000000004598                __text_region_end = .

.ARM.exidx      0x0000000000004598        0x0
                0x0000000000004598                __exidx_start = .
 *(SORT_BY_ALIGNMENT(.ARM.exidx*) SORT_BY_ALIGNMENT(gnu.linkonce.armexidx.*))
                0x0000000000004598                __exidx_end = .
                0x0000000000004598                __rodata_region_start = .

initlevel       0x0000000000004598       0x40
                0x0000000000004598                __init_start = .
                0x0000000000004598                __init_EARLY_start = .
 *(SORT_BY_NAME(SORT_BY_ALIGNMENT(.z_init_EARLY_P_?_*)))
 *(SORT_BY_NAME(SORT_BY_ALIGNMENT(.z_init_EARLY_P_??_*)))
 *(SORT_BY_NAME(SORT_BY_ALIGNMENT(.z_init_EARLY_P_???_*)))
                0x0000000000004598                __init_PRE_KERNEL_1_start = .
 *(SORT_BY_NAME(SORT_BY_ALIGNMENT(.z_init_PRE_KERNEL_1_P_?_*)))
 .z_init_PRE_KERNEL_1_P_0_SUB_0_
                0x0000000000004598        0x8 zephyr/soc/soc/nrf52840/libsoc__nordic.a(soc.c.obj)
 *(SORT_BY_NAME(SORT_BY_ALIGNMENT(.z_init_PRE_KERNEL_1_P_??_*)))
 .z_init_PRE_KERNEL_1_P_30_SUB_00077_
                0x00000000000045a0        0x8 zephyr/drivers/clock_control/libdrivers__clock_control.a(clock_control_nrf.c.obj)
 .z_init_PRE_KERNEL_1_P_40_SUB_00011_
                0x00000000000045a8        0x8 zephyr/drivers/gpio/libdrivers__gpio.a(gpio_nrfx.c.obj)
 .z_init_PRE_KERNEL_1_P_40_SUB_00107_
                0x00000000000045b0        0x8 zephyr/drivers/gpio/libdrivers__gpio.a(gpio_nrfx.c.obj)
 .z_init_PRE_KERNEL_1_P_50_SUB_00115_
                0x00000000000045b8        0x8 zephyr/drivers/serial/libdrivers__serial.a(uart_nrfx_uarte.c.obj)
 .z_init_PRE_KERNEL_1_P_60_SUB_0_
                0x00000000000045c0        0x8 zephyr/drivers/console/libdrivers__console.a(uart_console.c.obj)
 *(SORT_BY_NAME(SORT_BY_ALIGNMENT(.z_init_PRE_KERNEL_1_P_???_*)))
                0x00000000000045c8                __init_PRE_KERNEL_2_start = .
 *(SORT_BY_NAME(SORT_BY_ALIGNMENT(.z_init_PRE_KERNEL_2_P_?_*)))
 .z_init_PRE_KERNEL_2_P_0_SUB_0_
                0x00000000000045c8        0x8 zephyr/drivers/timer/libdrivers__timer.a(nrf_rtc_timer.c.obj)
 *(SORT_BY_NAME(SORT_BY_ALIGNMENT(.z_init_PRE_KERNEL_2_P_??_*)))
 *(SORT_BY_NAME(SORT_BY_ALIGNMENT(.z_init_PRE_KERNEL_2_P_???_*)))
                0x00000000000045d0                __init_POST_KERNEL_start = .
 *(SORT_BY_NAME(SORT_BY_ALIGNMENT(.z_init_POST_KERNEL_P_?_*)))
 *(SORT_BY_NAME(SORT_BY_ALIGNMENT(.z_init_POST_KERNEL_P_??_*)))
 .z_init_POST_KERNEL_P_35_SUB_0_
                0x00000000000045d0        0x8 zephyr/lib/libc/common/liblib__libc__common.a(malloc.c.obj)
 *(SORT_BY_NAME(SORT_BY_ALIGNMENT(.z_init_POST_KERNEL_P_???_*)))
                0x00000000000045d8                __init_APPLICATION_start = .
 *(SORT_BY_NAME(SORT_BY_ALIGNMENT(.z_init_APPLICATION_P_?_*)))
 *(SORT_BY_NAME(SORT_BY_ALIGNMENT(.z_init_APPLICATION_P_??_*)))
 *(SORT_BY_NAME(SORT_BY_ALIGNMENT(.z_init_APPLICATION_P_???_*)))
                0x00000000000045d8                __init_SMP_start = .
 *(SORT_BY_NAME(SORT_BY_ALIGNMENT(.z_init_SMP_P_?_*)))
 *(SORT_BY_NAME(SORT_BY_ALIGNMENT(.z_init_SMP_P_??_*)))
 *(SORT_BY_NAME(SORT_BY_ALIGNMENT(.z_init_SMP_P_???_*)))
                0x00000000000045d8                __init_end = .

device_area     0x00000000000045d8       0x80
                0x00000000000045d8                _device_list_start = .
 *(SORT_BY_NAME(SORT_BY_ALIGNMENT(._device.static.*_?_*)))
 *(SORT_BY_NAME(SORT_BY_ALIGNMENT(._device.static.*_??_*)))
 ._device.static.1_30_
                0x00000000000045d8       0x20 zephyr/drivers/clock_control/libdrivers__clock_control.a(clock_control_nrf.c.obj)
                0x00000000000045d8                __device_dts_ord_77
 ._device.static.1_40_
                0x00000000000045f8       0x40 zephyr/drivers/gpio/libdrivers__gpio.a(gpio_nrfx.c.obj)
                0x00000000000045f8                __device_dts_ord_107
                0x0000000000004618                __device_dts_ord_11
 ._device.static.1_50_
                0x0000000000004638       0x20 zephyr/drivers/serial/libdrivers__serial.a(uart_nrfx_uarte.c.obj)
                0x0000000000004638                __device_dts_ord_115
 *(SORT_BY_NAME(SORT_BY_ALIGNMENT(._device.static.*_???_*)))
 *(SORT_BY_NAME(SORT_BY_ALIGNMENT(._device.static.*_????_*)))
 *(SORT_BY_NAME(SORT_BY_ALIGNMENT(._device.static.*_?????_*)))
                0x0000000000004658                _device_list_end = .

sw_isr_table    0x0000000000004658      0x180
                0x0000000000004658                . = ALIGN (0x4)
 *(SORT_BY_ALIGNMENT(.gnu.linkonce.sw_isr_table*))
 .gnu.linkonce.sw_isr_table
                0x0000000000004658      0x180 zephyr/arch/common/libisr_tables.a(isr_tables.c.obj)
                0x0000000000004658                _sw_isr_table

initlevel_error
                0x0000000000004598        0x0
 *(SORT_BY_NAME(SORT_BY_ALIGNMENT(.z_init_*)))
                0x0000000000000001                ASSERT ((SIZEOF (initlevel_error) == 0x0), Undefined initialization levels used.)

app_shmem_regions
                0x00000000000047d8        0x0
                0x00000000000047d8                __app_shmem_regions_start = .
 *(SORT_BY_NAME(SORT_BY_ALIGNMENT(.app_regions.*)))
                0x00000000000047d8                __app_shmem_regions_end = .

k_p4wq_initparam_area
                0x00000000000047d8        0x0
                0x00000000000047d8                _k_p4wq_initparam_list_start = .
 *(SORT_BY_NAME(SORT_BY_ALIGNMENT(._k_p4wq_initparam.static.*)))
                0x00000000000047d8                _k_p4wq_initparam_list_end = .

_static_thread_data_area
                0x00000000000047d8        0x0
                0x00000000000047d8                __static_thread_data_list_start = .
 *(SORT_BY_NAME(SORT_BY_ALIGNMENT(.__static_thread_data.static.*)))
                0x00000000000047d8                __static_thread_data_list_end = .

device_deps     0x00000000000047d8        0x0
                0x00000000000047d8                __device_deps_start = .
 *(SORT_BY_NAME(SORT_BY_ALIGNMENT(.__device_deps_pass2*)))
                0x00000000000047d8                __device_deps_end = .

gpio_driver_api_area
                0x00000000000047d8       0x24
                0x00000000000047d8                _gpio_driver_api_list_start = .
 *(SORT_BY_NAME(SORT_BY_ALIGNMENT(._gpio_driver_api.static.*)))
 ._gpio_driver_api.static.gpio_nrfx_drv_api_funcs_
                0x00000000000047d8       0x24 zephyr/drivers/gpio/libdrivers__gpio.a(gpio_nrfx.c.obj)
                0x00000000000047fc                _gpio_driver_api_list_end = .

shared_irq_driver_api_area
                0x00000000000047fc        0x0
                0x00000000000047fc                _shared_irq_driver_api_list_start = .
 *(SORT_BY_NAME(SORT_BY_ALIGNMENT(._shared_irq_driver_api.static.*)))
                0x00000000000047fc                _shared_irq_driver_api_list_end = .

crypto_driver_api_area
                0x00000000000047fc        0x0
                0x00000000000047fc                _crypto_driver_api_list_start = .
 *(SORT_BY_NAME(SORT_BY_ALIGNMENT(._crypto_driver_api.static.*)))
                0x00000000000047fc                _crypto_driver_api_list_end = .

adc_driver_api_area
                0x00000000000047fc        0x0
                0x00000000000047fc                _adc_driver_api_list_start = .
 *(SORT_BY_NAME(SORT_BY_ALIGNMENT(._adc_driver_api.static.*)))
                0x00000000000047fc                _adc_driver_api_list_end = .

auxdisplay_driver_api_area
                0x00000000000047fc        0x0
                0x00000000000047fc                _auxdisplay_driver_api_list_start = .
 *(SORT_BY_NAME(SORT_BY_ALIGNMENT(._auxdisplay_driver_api.static.*)))
                0x00000000000047fc                _auxdisplay_driver_api_list_end = .

bbram_driver_api_area
                0x00000000000047fc        0x0
                0x00000000000047fc                _bbram_driver_api_list_start = .
 *(SORT_BY_NAME(SORT_BY_ALIGNMENT(._bbram_driver_api.static.*)))
                0x00000000000047fc                _bbram_driver_api_list_end = .

bt_hci_driver_api_area
                0x00000000000047fc        0x0
                0x00000000000047fc                _bt_hci_driver_api_list_start = .
 *(SORT_BY_NAME(SORT_BY_ALIGNMENT(._bt_hci_driver_api.static.*)))
                0x00000000000047fc                _bt_hci_driver_api_list_end = .

can_driver_api_area
                0x00000000000047fc        0x0
                0x00000000000047fc                _can_driver_api_list_start = .
 *(SORT_BY_NAME(SORT_BY_ALIGNMENT(._can_driver_api.static.*)))
                0x00000000000047fc                _can_driver_api_list_end = .

cellular_driver_api_area
                0x00000000000047fc        0x0
                0x00000000000047fc                _cellular_driver_api_list_start = .
 *(SORT_BY_NAME(SORT_BY_ALIGNMENT(._cellular_driver_api.static.*)))
                0x00000000000047fc                _cellular_driver_api_list_end = .

charger_driver_api_area
                0x00000000000047fc        0x0
                0x00000000000047fc                _charger_driver_api_list_start = .
 *(SORT_BY_NAME(SORT_BY_ALIGNMENT(._charger_driver_api.static.*)))
                0x00000000000047fc                _charger_driver_api_list_end = .

clock_control_driver_api_area
                0x00000000000047fc       0x1c
                0x00000000000047fc                _clock_control_driver_api_list_start = .
 *(SORT_BY_NAME(SORT_BY_ALIGNMENT(._clock_control_driver_api.static.*)))
 ._clock_control_driver_api.static.clock_control_api_
                0x00000000000047fc       0x1c zephyr/drivers/clock_control/libdrivers__clock_control.a(clock_control_nrf.c.obj)
                0x0000000000004818                _clock_control_driver_api_list_end = .

comparator_driver_api_area
                0x0000000000004818        0x0
                0x0000000000004818                _comparator_driver_api_list_start = .
 *(SORT_BY_NAME(SORT_BY_ALIGNMENT(._comparator_driver_api.static.*)))
                0x0000000000004818                _comparator_driver_api_list_end = .

coredump_driver_api_area
                0x0000000000004818        0x0
                0x0000000000004818                _coredump_driver_api_list_start = .
 *(SORT_BY_NAME(SORT_BY_ALIGNMENT(._coredump_driver_api.static.*)))
                0x0000000000004818                _coredump_driver_api_list_end = .

counter_driver_api_area
                0x0000000000004818        0x0
                0x0000000000004818                _counter_driver_api_list_start = .
 *(SORT_BY_NAME(SORT_BY_ALIGNMENT(._counter_driver_api.static.*)))
                0x0000000000004818                _counter_driver_api_list_end = .

dac_driver_api_area
                0x0000000000004818        0x0
                0x0000000000004818                _dac_driver_api_list_start = .
 *(SORT_BY_NAME(SORT_BY_ALIGNMENT(._dac_driver_api.static.*)))
                0x0000000000004818                _dac_driver_api_list_end = .

dai_driver_api_area
                0x0000000000004818        0x0
                0x0000000000004818                _dai_driver_api_list_start = .
 *(SORT_BY_NAME(SORT_BY_ALIGNMENT(._dai_driver_api.static.*)))
                0x0000000000004818                _dai_driver_api_list_end = .

display_driver_api_area
                0x0000000000004818        0x0
                0x0000000000004818                _display_driver_api_list_start = .
 *(SORT_BY_NAME(SORT_BY_ALIGNMENT(._display_driver_api.static.*)))
                0x0000000000004818                _display_driver_api_list_end = .

dma_driver_api_area
                0x0000000000004818        0x0
                0x0000000000004818                _dma_driver_api_list_start = .
 *(SORT_BY_NAME(SORT_BY_ALIGNMENT(._dma_driver_api.static.*)))
                0x0000000000004818                _dma_driver_api_list_end = .

edac_driver_api_area
                0x0000000000004818        0x0
                0x0000000000004818                _edac_driver_api_list_start = .
 *(SORT_BY_NAME(SORT_BY_ALIGNMENT(._edac_driver_api.static.*)))
                0x0000000000004818                _edac_driver_api_list_end = .

eeprom_driver_api_area
                0x0000000000004818        0x0
                0x0000000000004818                _eeprom_driver_api_list_start = .
 *(SORT_BY_NAME(SORT_BY_ALIGNMENT(._eeprom_driver_api.static.*)))
                0x0000000000004818                _eeprom_driver_api_list_end = .

emul_bbram_driver_api_area
                0x0000000000004818        0x0
                0x0000000000004818                _emul_bbram_driver_api_list_start = .
 *(SORT_BY_NAME(SORT_BY_ALIGNMENT(._emul_bbram_driver_api.static.*)))
                0x0000000000004818                _emul_bbram_driver_api_list_end = .

fuel_gauge_emul_driver_api_area
                0x0000000000004818        0x0
                0x0000000000004818                _fuel_gauge_emul_driver_api_list_start = .
 *(SORT_BY_NAME(SORT_BY_ALIGNMENT(._fuel_gauge_emul_driver_api.static.*)))
                0x0000000000004818                _fuel_gauge_emul_driver_api_list_end = .

emul_sensor_driver_api_area
                0x0000000000004818        0x0
                0x0000000000004818                _emul_sensor_driver_api_list_start = .
 *(SORT_BY_NAME(SORT_BY_ALIGNMENT(._emul_sensor_driver_api.static.*)))
                0x0000000000004818                _emul_sensor_driver_api_list_end = .

entropy_driver_api_area
                0x0000000000004818        0x0
                0x0000000000004818                _entropy_driver_api_list_start = .
 *(SORT_BY_NAME(SORT_BY_ALIGNMENT(._entropy_driver_api.static.*)))
                0x0000000000004818                _entropy_driver_api_list_end = .

espi_driver_api_area
                0x0000000000004818        0x0
                0x0000000000004818                _espi_driver_api_list_start = .
 *(SORT_BY_NAME(SORT_BY_ALIGNMENT(._espi_driver_api.static.*)))
                0x0000000000004818                _espi_driver_api_list_end = .

espi_saf_driver_api_area
                0x0000000000004818        0x0
                0x0000000000004818                _espi_saf_driver_api_list_start = .
 *(SORT_BY_NAME(SORT_BY_ALIGNMENT(._espi_saf_driver_api.static.*)))
                0x0000000000004818                _espi_saf_driver_api_list_end = .

flash_driver_api_area
                0x0000000000004818        0x0
                0x0000000000004818                _flash_driver_api_list_start = .
 *(SORT_BY_NAME(SORT_BY_ALIGNMENT(._flash_driver_api.static.*)))
                0x0000000000004818                _flash_driver_api_list_end = .

fpga_driver_api_area
                0x0000000000004818        0x0
                0x0000000000004818                _fpga_driver_api_list_start = .
 *(SORT_BY_NAME(SORT_BY_ALIGNMENT(._fpga_driver_api.static.*)))
                0x0000000000004818                _fpga_driver_api_list_end = .

fuel_gauge_driver_api_area
                0x0000000000004818        0x0
                0x0000000000004818                _fuel_gauge_driver_api_list_start = .
 *(SORT_BY_NAME(SORT_BY_ALIGNMENT(._fuel_gauge_driver_api.static.*)))
                0x0000000000004818                _fuel_gauge_driver_api_list_end = .

gnss_driver_api_area
                0x0000000000004818        0x0
                0x0000000000004818                _gnss_driver_api_list_start = .
 *(SORT_BY_NAME(SORT_BY_ALIGNMENT(._gnss_driver_api.static.*)))
                0x0000000000004818                _gnss_driver_api_list_end = .

haptics_driver_api_area
                0x0000000000004818        0x0
                0x0000000000004818                _haptics_driver_api_list_start = .
 *(SORT_BY_NAME(SORT_BY_ALIGNMENT(._haptics_driver_api.static.*)))
                0x0000000000004818                _haptics_driver_api_list_end = .

hwspinlock_driver_api_area
                0x0000000000004818        0x0
                0x0000000000004818                _hwspinlock_driver_api_list_start = .
 *(SORT_BY_NAME(SORT_BY_ALIGNMENT(._hwspinlock_driver_api.static.*)))
                0x0000000000004818                _hwspinlock_driver_api_list_end = .

i2c_driver_api_area
                0x0000000000004818        0x0
                0x0000000000004818                _i2c_driver_api_list_start = .
 *(SORT_BY_NAME(SORT_BY_ALIGNMENT(._i2c_driver_api.static.*)))
                0x0000000000004818                _i2c_driver_api_list_end = .

i2c_target_driver_api_area
                0x0000000000004818        0x0
                0x0000000000004818                _i2c_target_driver_api_list_start = .
 *(SORT_BY_NAME(SORT_BY_ALIGNMENT(._i2c_target_driver_api.static.*)))
                0x0000000000004818                _i2c_target_driver_api_list_end = .

i2s_driver_api_area
                0x0000000000004818        0x0
                0x0000000000004818                _i2s_driver_api_list_start = .
 *(SORT_BY_NAME(SORT_BY_ALIGNMENT(._i2s_driver_api.static.*)))
                0x0000000000004818                _i2s_driver_api_list_end = .

i3c_driver_api_area
                0x0000000000004818        0x0
                0x0000000000004818                _i3c_driver_api_list_start = .
 *(SORT_BY_NAME(SORT_BY_ALIGNMENT(._i3c_driver_api.static.*)))
                0x0000000000004818                _i3c_driver_api_list_end = .

ipm_driver_api_area
                0x0000000000004818        0x0
                0x0000000000004818                _ipm_driver_api_list_start = .
 *(SORT_BY_NAME(SORT_BY_ALIGNMENT(._ipm_driver_api.static.*)))
                0x0000000000004818                _ipm_driver_api_list_end = .

led_driver_api_area
                0x0000000000004818        0x0
                0x0000000000004818                _led_driver_api_list_start = .
 *(SORT_BY_NAME(SORT_BY_ALIGNMENT(._led_driver_api.static.*)))
                0x0000000000004818                _led_driver_api_list_end = .

led_strip_driver_api_area
                0x0000000000004818        0x0
                0x0000000000004818                _led_strip_driver_api_list_start = .
 *(SORT_BY_NAME(SORT_BY_ALIGNMENT(._led_strip_driver_api.static.*)))
                0x0000000000004818                _led_strip_driver_api_list_end = .

lora_driver_api_area
                0x0000000000004818        0x0
                0x0000000000004818                _lora_driver_api_list_start = .
 *(SORT_BY_NAME(SORT_BY_ALIGNMENT(._lora_driver_api.static.*)))
                0x0000000000004818                _lora_driver_api_list_end = .

mbox_driver_api_area
                0x0000000000004818        0x0
                0x0000000000004818                _mbox_driver_api_list_start = .
 *(SORT_BY_NAME(SORT_BY_ALIGNMENT(._mbox_driver_api.static.*)))
                0x0000000000004818                _mbox_driver_api_list_end = .

mdio_driver_api_area
                0x0000000000004818        0x0
                0x0000000000004818                _mdio_driver_api_list_start = .
 *(SORT_BY_NAME(SORT_BY_ALIGNMENT(._mdio_driver_api.static.*)))
                0x0000000000004818                _mdio_driver_api_list_end = .

mipi_dbi_driver_api_area
                0x0000000000004818        0x0
                0x0000000000004818                _mipi_dbi_driver_api_list_start = .
 *(SORT_BY_NAME(SORT_BY_ALIGNMENT(._mipi_dbi_driver_api.static.*)))
                0x0000000000004818                _mipi_dbi_driver_api_list_end = .

mipi_dsi_driver_api_area
                0x0000000000004818        0x0
                0x0000000000004818                _mipi_dsi_driver_api_list_start = .
 *(SORT_BY_NAME(SORT_BY_ALIGNMENT(._mipi_dsi_driver_api.static.*)))
                0x0000000000004818                _mipi_dsi_driver_api_list_end = .

mspi_driver_api_area
                0x0000000000004818        0x0
                0x0000000000004818                _mspi_driver_api_list_start = .
 *(SORT_BY_NAME(SORT_BY_ALIGNMENT(._mspi_driver_api.static.*)))
                0x0000000000004818                _mspi_driver_api_list_end = .

peci_driver_api_area
                0x0000000000004818        0x0
                0x0000000000004818                _peci_driver_api_list_start = .
 *(SORT_BY_NAME(SORT_BY_ALIGNMENT(._peci_driver_api.static.*)))
                0x0000000000004818                _peci_driver_api_list_end = .

ps2_driver_api_area
                0x0000000000004818        0x0
                0x0000000000004818                _ps2_driver_api_list_start = .
 *(SORT_BY_NAME(SORT_BY_ALIGNMENT(._ps2_driver_api.static.*)))
                0x0000000000004818                _ps2_driver_api_list_end = .

ptp_clock_driver_api_area
                0x0000000000004818        0x0
                0x0000000000004818                _ptp_clock_driver_api_list_start = .
 *(SORT_BY_NAME(SORT_BY_ALIGNMENT(._ptp_clock_driver_api.static.*)))
                0x0000000000004818                _ptp_clock_driver_api_list_end = .

pwm_driver_api_area
                0x0000000000004818        0x0
                0x0000000000004818                _pwm_driver_api_list_start = .
 *(SORT_BY_NAME(SORT_BY_ALIGNMENT(._pwm_driver_api.static.*)))
                0x0000000000004818                _pwm_driver_api_list_end = .

regulator_parent_driver_api_area
                0x0000000000004818        0x0
                0x0000000000004818                _regulator_parent_driver_api_list_start = .
 *(SORT_BY_NAME(SORT_BY_ALIGNMENT(._regulator_parent_driver_api.static.*)))
                0x0000000000004818                _regulator_parent_driver_api_list_end = .

regulator_driver_api_area
                0x0000000000004818        0x0
                0x0000000000004818                _regulator_driver_api_list_start = .
 *(SORT_BY_NAME(SORT_BY_ALIGNMENT(._regulator_driver_api.static.*)))
                0x0000000000004818                _regulator_driver_api_list_end = .

reset_driver_api_area
                0x0000000000004818        0x0
                0x0000000000004818                _reset_driver_api_list_start = .
 *(SORT_BY_NAME(SORT_BY_ALIGNMENT(._reset_driver_api.static.*)))
                0x0000000000004818                _reset_driver_api_list_end = .

retained_mem_driver_api_area
                0x0000000000004818        0x0
                0x0000000000004818                _retained_mem_driver_api_list_start = .
 *(SORT_BY_NAME(SORT_BY_ALIGNMENT(._retained_mem_driver_api.static.*)))
                0x0000000000004818                _retained_mem_driver_api_list_end = .

rtc_driver_api_area
                0x0000000000004818        0x0
                0x0000000000004818                _rtc_driver_api_list_start = .
 *(SORT_BY_NAME(SORT_BY_ALIGNMENT(._rtc_driver_api.static.*)))
                0x0000000000004818                _rtc_driver_api_list_end = .

sdhc_driver_api_area
                0x0000000000004818        0x0
                0x0000000000004818                _sdhc_driver_api_list_start = .
 *(SORT_BY_NAME(SORT_BY_ALIGNMENT(._sdhc_driver_api.static.*)))
                0x0000000000004818                _sdhc_driver_api_list_end = .

sensor_driver_api_area
                0x0000000000004818        0x0
                0x0000000000004818                _sensor_driver_api_list_start = .
 *(SORT_BY_NAME(SORT_BY_ALIGNMENT(._sensor_driver_api.static.*)))
                0x0000000000004818                _sensor_driver_api_list_end = .

smbus_driver_api_area
                0x0000000000004818        0x0
                0x0000000000004818                _smbus_driver_api_list_start = .
 *(SORT_BY_NAME(SORT_BY_ALIGNMENT(._smbus_driver_api.static.*)))
                0x0000000000004818                _smbus_driver_api_list_end = .

spi_driver_api_area
                0x0000000000004818        0x0
                0x0000000000004818                _spi_driver_api_list_start = .
 *(SORT_BY_NAME(SORT_BY_ALIGNMENT(._spi_driver_api.static.*)))
                0x0000000000004818                _spi_driver_api_list_end = .

stepper_driver_api_area
                0x0000000000004818        0x0
                0x0000000000004818                _stepper_driver_api_list_start = .
 *(SORT_BY_NAME(SORT_BY_ALIGNMENT(._stepper_driver_api.static.*)))
                0x0000000000004818                _stepper_driver_api_list_end = .

syscon_driver_api_area
                0x0000000000004818        0x0
                0x0000000000004818                _syscon_driver_api_list_start = .
 *(SORT_BY_NAME(SORT_BY_ALIGNMENT(._syscon_driver_api.static.*)))
                0x0000000000004818                _syscon_driver_api_list_end = .

tee_driver_api_area
                0x0000000000004818        0x0
                0x0000000000004818                _tee_driver_api_list_start = .
 *(SORT_BY_NAME(SORT_BY_ALIGNMENT(._tee_driver_api.static.*)))
                0x0000000000004818                _tee_driver_api_list_end = .

video_driver_api_area
                0x0000000000004818        0x0
                0x0000000000004818                _video_driver_api_list_start = .
 *(SORT_BY_NAME(SORT_BY_ALIGNMENT(._video_driver_api.static.*)))
                0x0000000000004818                _video_driver_api_list_end = .

virtio_driver_api_area
                0x0000000000004818        0x0
                0x0000000000004818                _virtio_driver_api_list_start = .
 *(SORT_BY_NAME(SORT_BY_ALIGNMENT(._virtio_driver_api.static.*)))
                0x0000000000004818                _virtio_driver_api_list_end = .

w1_driver_api_area
                0x0000000000004818        0x0
                0x0000000000004818                _w1_driver_api_list_start = .
 *(SORT_BY_NAME(SORT_BY_ALIGNMENT(._w1_driver_api.static.*)))
                0x0000000000004818                _w1_driver_api_list_end = .

wdt_driver_api_area
                0x0000000000004818        0x0
                0x0000000000004818                _wdt_driver_api_list_start = .
 *(SORT_BY_NAME(SORT_BY_ALIGNMENT(._wdt_driver_api.static.*)))
                0x0000000000004818                _wdt_driver_api_list_end = .

can_transceiver_driver_api_area
                0x0000000000004818        0x0
                0x0000000000004818                _can_transceiver_driver_api_list_start = .
 *(SORT_BY_NAME(SORT_BY_ALIGNMENT(._can_transceiver_driver_api.static.*)))
                0x0000000000004818                _can_transceiver_driver_api_list_end = .

nrf_clock_control_driver_api_area
                0x0000000000004818        0x0
                0x0000000000004818                _nrf_clock_control_driver_api_list_start = .
 *(SORT_BY_NAME(SORT_BY_ALIGNMENT(._nrf_clock_control_driver_api.static.*)))
                0x0000000000004818                _nrf_clock_control_driver_api_list_end = .

i3c_target_driver_api_area
                0x0000000000004818        0x0
                0x0000000000004818                _i3c_target_driver_api_list_start = .
 *(SORT_BY_NAME(SORT_BY_ALIGNMENT(._i3c_target_driver_api.static.*)))
                0x0000000000004818                _i3c_target_driver_api_list_end = .

its_driver_api_area
                0x0000000000004818        0x0
                0x0000000000004818                _its_driver_api_list_start = .
 *(SORT_BY_NAME(SORT_BY_ALIGNMENT(._its_driver_api.static.*)))
                0x0000000000004818                _its_driver_api_list_end = .

vtd_driver_api_area
                0x0000000000004818        0x0
                0x0000000000004818                _vtd_driver_api_list_start = .
 *(SORT_BY_NAME(SORT_BY_ALIGNMENT(._vtd_driver_api.static.*)))
                0x0000000000004818                _vtd_driver_api_list_end = .

renesas_elc_driver_api_area
                0x0000000000004818        0x0
                0x0000000000004818                _renesas_elc_driver_api_list_start = .
 *(SORT_BY_NAME(SORT_BY_ALIGNMENT(._renesas_elc_driver_api.static.*)))
                0x0000000000004818                _renesas_elc_driver_api_list_end = .

tgpio_driver_api_area
                0x0000000000004818        0x0
                0x0000000000004818                _tgpio_driver_api_list_start = .
 *(SORT_BY_NAME(SORT_BY_ALIGNMENT(._tgpio_driver_api.static.*)))
                0x0000000000004818                _tgpio_driver_api_list_end = .

pcie_ctrl_driver_api_area
                0x0000000000004818        0x0
                0x0000000000004818                _pcie_ctrl_driver_api_list_start = .
 *(SORT_BY_NAME(SORT_BY_ALIGNMENT(._pcie_ctrl_driver_api.static.*)))
                0x0000000000004818                _pcie_ctrl_driver_api_list_end = .

pcie_ep_driver_api_area
                0x0000000000004818        0x0
                0x0000000000004818                _pcie_ep_driver_api_list_start = .
 *(SORT_BY_NAME(SORT_BY_ALIGNMENT(._pcie_ep_driver_api.static.*)))
                0x0000000000004818                _pcie_ep_driver_api_list_end = .

psi5_driver_api_area
                0x0000000000004818        0x0
                0x0000000000004818                _psi5_driver_api_list_start = .
 *(SORT_BY_NAME(SORT_BY_ALIGNMENT(._psi5_driver_api.static.*)))
                0x0000000000004818                _psi5_driver_api_list_end = .

sent_driver_api_area
                0x0000000000004818        0x0
                0x0000000000004818                _sent_driver_api_list_start = .
 *(SORT_BY_NAME(SORT_BY_ALIGNMENT(._sent_driver_api.static.*)))
                0x0000000000004818                _sent_driver_api_list_end = .

svc_driver_api_area
                0x0000000000004818        0x0
                0x0000000000004818                _svc_driver_api_list_start = .
 *(SORT_BY_NAME(SORT_BY_ALIGNMENT(._svc_driver_api.static.*)))
                0x0000000000004818                _svc_driver_api_list_end = .

uart_driver_api_area
                0x0000000000004818        0xc
                0x0000000000004818                _uart_driver_api_list_start = .
 *(SORT_BY_NAME(SORT_BY_ALIGNMENT(._uart_driver_api.static.*)))
 ._uart_driver_api.static.uart_nrfx_uarte_driver_api_
                0x0000000000004818        0xc zephyr/drivers/serial/libdrivers__serial.a(uart_nrfx_uarte.c.obj)
                0x0000000000004824                _uart_driver_api_list_end = .

bc12_emul_driver_api_area
                0x0000000000004824        0x0
                0x0000000000004824                _bc12_emul_driver_api_list_start = .
 *(SORT_BY_NAME(SORT_BY_ALIGNMENT(._bc12_emul_driver_api.static.*)))
                0x0000000000004824                _bc12_emul_driver_api_list_end = .

bc12_driver_api_area
                0x0000000000004824        0x0
                0x0000000000004824                _bc12_driver_api_list_start = .
 *(SORT_BY_NAME(SORT_BY_ALIGNMENT(._bc12_driver_api.static.*)))
                0x0000000000004824                _bc12_driver_api_list_end = .

usbc_ppc_driver_api_area
                0x0000000000004824        0x0
                0x0000000000004824                _usbc_ppc_driver_api_list_start = .
 *(SORT_BY_NAME(SORT_BY_ALIGNMENT(._usbc_ppc_driver_api.static.*)))
                0x0000000000004824                _usbc_ppc_driver_api_list_end = .

tcpc_driver_api_area
                0x0000000000004824        0x0
                0x0000000000004824                _tcpc_driver_api_list_start = .
 *(SORT_BY_NAME(SORT_BY_ALIGNMENT(._tcpc_driver_api.static.*)))
                0x0000000000004824                _tcpc_driver_api_list_end = .

usbc_vbus_driver_api_area
                0x0000000000004824        0x0
                0x0000000000004824                _usbc_vbus_driver_api_list_start = .
 *(SORT_BY_NAME(SORT_BY_ALIGNMENT(._usbc_vbus_driver_api.static.*)))
                0x0000000000004824                _usbc_vbus_driver_api_list_end = .

ivshmem_driver_api_area
                0x0000000000004824        0x0
                0x0000000000004824                _ivshmem_driver_api_list_start = .
 *(SORT_BY_NAME(SORT_BY_ALIGNMENT(._ivshmem_driver_api.static.*)))
                0x0000000000004824                _ivshmem_driver_api_list_end = .

ethphy_driver_api_area
                0x0000000000004824        0x0
                0x0000000000004824                _ethphy_driver_api_list_start = .
 *(SORT_BY_NAME(SORT_BY_ALIGNMENT(._ethphy_driver_api.static.*)))
                0x0000000000004824                _ethphy_driver_api_list_end = .

ztest           0x0000000000004824        0x0
                0x0000000000004824                _ztest_expected_result_entry_list_start = .
 *(SORT_BY_NAME(SORT_BY_ALIGNMENT(._ztest_expected_result_entry.static.*)))
                0x0000000000004824                _ztest_expected_result_entry_list_end = .
                0x0000000000004824                _ztest_suite_node_list_start = .
 *(SORT_BY_NAME(SORT_BY_ALIGNMENT(._ztest_suite_node.static.*)))
                0x0000000000004824                _ztest_suite_node_list_end = .
                0x0000000000004824                _ztest_unit_test_list_start = .
 *(SORT_BY_NAME(SORT_BY_ALIGNMENT(._ztest_unit_test.static.*)))
                0x0000000000004824                _ztest_unit_test_list_end = .
                0x0000000000004824                _ztest_test_rule_list_start = .
 *(SORT_BY_NAME(SORT_BY_ALIGNMENT(._ztest_test_rule.static.*)))
                0x0000000000004824                _ztest_test_rule_list_end = .

init_array      0x0000000000004824        0x0
                0x0000000000004824                __zephyr_init_array_start = .
 *(SORT_BY_INIT_PRIORITY(.init_array.*) SORT_BY_INIT_PRIORITY(.ctors.*))
 *(SORT_BY_ALIGNMENT(.init_array) SORT_BY_ALIGNMENT(.ctors))
                0x0000000000004824                __zephyr_init_array_end = .
                0x0000000000000001                ASSERT ((__zephyr_init_array_start == __zephyr_init_array_end), GNU-style constructors required but STATIC_INIT_GNU not enabled)

bt_l2cap_fixed_chan_area
                0x0000000000004824        0x0
                0x0000000000004824                _bt_l2cap_fixed_chan_list_start = .
 *(SORT_BY_NAME(SORT_BY_ALIGNMENT(._bt_l2cap_fixed_chan.static.*)))
                0x0000000000004824                _bt_l2cap_fixed_chan_list_end = .

bt_gatt_service_static_area
                0x0000000000004824        0x0
                0x0000000000004824                _bt_gatt_service_static_list_start = .
 *(SORT_BY_NAME(SORT_BY_ALIGNMENT(._bt_gatt_service_static.static.*)))
                0x0000000000004824                _bt_gatt_service_static_list_end = .

log_strings_area
                0x0000000000004824        0x0
                0x0000000000004824                _log_strings_list_start = .
 *(SORT_BY_NAME(SORT_BY_ALIGNMENT(._log_strings.static.*)))
                0x0000000000004824                _log_strings_list_end = .

log_stmesp_ptr_area
                0x0000000000004824        0x0
                0x0000000000004824                _log_stmesp_ptr_list_start = .
 *(SORT_BY_NAME(SORT_BY_ALIGNMENT(._log_stmesp_ptr.static.*)))
                0x0000000000004824                _log_stmesp_ptr_list_end = .

log_stmesp_str_area
                0x0000000000004824        0x0
                0x0000000000004824                _log_stmesp_str_list_start = .
 *(SORT_BY_NAME(SORT_BY_ALIGNMENT(._log_stmesp_str.static.*)))
                0x0000000000004824                _log_stmesp_str_list_end = .

log_const_area  0x0000000000004824        0x0
                0x0000000000004824                _log_const_list_start = .
 *(SORT_BY_NAME(SORT_BY_ALIGNMENT(._log_const.static.*)))
                0x0000000000004824                _log_const_list_end = .

log_backend_area
                0x0000000000004824        0x0
                0x0000000000004824                _log_backend_list_start = .
 *(SORT_BY_NAME(SORT_BY_ALIGNMENT(._log_backend.static.*)))
                0x0000000000004824                _log_backend_list_end = .

log_link_area   0x0000000000004824        0x0
                0x0000000000004824                _log_link_list_start = .
 *(SORT_BY_NAME(SORT_BY_ALIGNMENT(._log_link.static.*)))
                0x0000000000004824                _log_link_list_end = .

tracing_backend_area
                0x0000000000004824        0x0
                0x0000000000004824                _tracing_backend_list_start = .
 *(SORT_BY_NAME(SORT_BY_ALIGNMENT(._tracing_backend.static.*)))
                0x0000000000004824                _tracing_backend_list_end = .

zephyr_dbg_info
 *(SORT_BY_ALIGNMENT(.dbg_thread_info))

intc_table_area
                0x0000000000004824        0x0
                0x0000000000004824                _intc_table_list_start = .
 *(SORT_BY_NAME(SORT_BY_ALIGNMENT(._intc_table.static.*)))
                0x0000000000004824                _intc_table_list_end = .

symbol_to_keep  0x0000000000004824        0x0
                0x0000000000004824                __symbol_to_keep_start = .
 *(SORT_BY_NAME(SORT_BY_ALIGNMENT(.symbol_to_keep*)))
                0x0000000000004824                __symbol_to_keep_end = .

shell_area      0x0000000000004824        0x0
                0x0000000000004824                _shell_list_start = .
 *(SORT_BY_NAME(SORT_BY_ALIGNMENT(._shell.static.*)))
                0x0000000000004824                _shell_list_end = .

shell_root_cmds_area
                0x0000000000004824        0x0
                0x0000000000004824                _shell_root_cmds_list_start = .
 *(SORT_BY_NAME(SORT_BY_ALIGNMENT(._shell_root_cmds.static.*)))
                0x0000000000004824                _shell_root_cmds_list_end = .

shell_subcmds_area
                0x0000000000004824        0x0
                0x0000000000004824                _shell_subcmds_list_start = .
 *(SORT_BY_NAME(SORT_BY_ALIGNMENT(._shell_subcmds.static.*)))
                0x0000000000004824                _shell_subcmds_list_end = .

shell_dynamic_subcmds_area
                0x0000000000004824        0x0
                0x0000000000004824                _shell_dynamic_subcmds_list_start = .
 *(SORT_BY_NAME(SORT_BY_ALIGNMENT(._shell_dynamic_subcmds.static.*)))
                0x0000000000004824                _shell_dynamic_subcmds_list_end = .

cfb_font_area   0x0000000000004824        0x0
                0x0000000000004824                _cfb_font_list_start = .
 *(SORT_BY_NAME(SORT_BY_ALIGNMENT(._cfb_font.static.*)))
                0x0000000000004824                _cfb_font_list_end = .

tdata           0x0000000000004824        0x0
 *(SORT_BY_ALIGNMENT(.tdata) SORT_BY_ALIGNMENT(.tdata.*) SORT_BY_ALIGNMENT(.gnu.linkonce.td.*))

tbss            0x0000000000004824        0x4
 *(SORT_BY_ALIGNMENT(.tbss) SORT_BY_ALIGNMENT(.tbss.*) SORT_BY_ALIGNMENT(.gnu.linkonce.tb.*) SORT_BY_ALIGNMENT(.tcommon))
 .tbss.z_tls_current
                0x0000000000004824        0x4 zephyr/libzephyr.a(thread_entry.c.obj)
                0x0000000000004824                z_tls_current
                0x0000000000004824                PROVIDE (__tdata_start = LOADADDR (tdata))
                0x0000000000000001                PROVIDE (__tdata_align = ALIGNOF (tdata))
                0x0000000000000000                PROVIDE (__tdata_size = (((SIZEOF (tdata) + __tdata_align) - 0x1) & ~ ((__tdata_align - 0x1))))
                [!provide]                        PROVIDE (__tdata_end = (__tdata_start + __tdata_size))
                0x0000000000000004                PROVIDE (__tbss_align = ALIGNOF (tbss))
                [!provide]                        PROVIDE (__tbss_start = ADDR (tbss))
                0x0000000000000004                PROVIDE (__tbss_size = (((SIZEOF (tbss) + __tbss_align) - 0x1) & ~ ((__tbss_align - 0x1))))
                [!provide]                        PROVIDE (__tbss_end = (__tbss_start + __tbss_size))
                [!provide]                        PROVIDE (__tls_start = __tdata_start)
                [!provide]                        PROVIDE (__tls_end = __tbss_end)
                [!provide]                        PROVIDE (__tls_size = (__tbss_end - __tdata_start))

rodata          0x0000000000004830      0x5d0
 *(SORT_BY_ALIGNMENT(.rodata))
 *(SORT_BY_ALIGNMENT(.rodata.*))
 .rodata.delay_machine_code.0
                0x0000000000004830        0x6 zephyr/soc/soc/nrf52840/libsoc__nordic.a(soc.c.obj)
 *fill*         0x0000000000004836        0x2 
 .rodata.mem_attr_region
                0x0000000000004838        0x0 zephyr/libzephyr.a(mem_attr.c.obj)
 .rodata.static_regions
                0x0000000000004838        0xc zephyr/arch/arch/arm/core/mpu/libarch__arm__core__mpu.a(arm_core_mpu.c.obj)
 .rodata.mpu_config
                0x0000000000004844        0x8 zephyr/arch/arch/arm/core/mpu/libarch__arm__core__mpu.a(arm_mpu_regions.c.obj)
                0x0000000000004844                mpu_config
 .rodata.mpu_regions
                0x000000000000484c       0x18 zephyr/arch/arch/arm/core/mpu/libarch__arm__core__mpu.a(arm_mpu_regions.c.obj)
 .rodata.stdout
                0x0000000000004864        0x4 zephyr/lib/libc/picolibc/liblib__libc__picolibc.a(stdio.c.obj)
                0x0000000000004864                stdout
                0x0000000000004864                stderr
 .rodata.transitions.0
                0x0000000000004868        0xc zephyr/drivers/clock_control/libdrivers__clock_control.a(clock_control_nrf.c.obj)
 .rodata.config
                0x0000000000004874       0x10 zephyr/drivers/clock_control/libdrivers__clock_control.a(clock_control_nrf.c.obj)
 .rodata.gpio_nrfx_p1_cfg
                0x0000000000004884       0x18 zephyr/drivers/gpio/libdrivers__gpio.a(gpio_nrfx.c.obj)
 .rodata.gpio_nrfx_p0_cfg
                0x000000000000489c       0x18 zephyr/drivers/gpio/libdrivers__gpio.a(gpio_nrfx.c.obj)
 .rodata.uarte_0z_config
                0x00000000000048b4       0x20 zephyr/drivers/serial/libdrivers__serial.a(uart_nrfx_uarte.c.obj)
 .rodata.__pinctrl_dev_config__device_dts_ord_115
                0x00000000000048d4        0xc zephyr/drivers/serial/libdrivers__serial.a(uart_nrfx_uarte.c.obj)
 .rodata.__pinctrl_states__device_dts_ord_115
                0x00000000000048e0        0x8 zephyr/drivers/serial/libdrivers__serial.a(uart_nrfx_uarte.c.obj)
 .rodata.__pinctrl_state_pins_0__device_dts_ord_115
                0x00000000000048e8       0x10 zephyr/drivers/serial/libdrivers__serial.a(uart_nrfx_uarte.c.obj)
 .rodata.m_config
                0x00000000000048f8        0x8 modules/hal_nordic/nrfx/libmodules__hal_nordic__nrfx.a(nrfx_gpiote.c.obj)
 .rodata.levels.0
                0x0000000000004900       0x18 zephyr/kernel/libkernel.a(init.c.obj)
 .rodata.main.str1.1
                0x0000000000004918       0x16 app/libapp.a(main.c.obj)
 .rodata.z_arm_fatal_error.str1.1
                0x000000000000492e       0xb3 zephyr/arch/arch/arm/core/libarch__arm__core.a(fatal.c.obj)
 .rodata.mem_manage_fault.str1.1
                0x00000000000049e1       0xdf zephyr/arch/arch/arm/core/cortex_m/libarch__arm__core__cortex_m.a(fault.c.obj)
 .rodata.usage_fault.constprop.0.str1.1
                0x0000000000004ac0       0xd4 zephyr/arch/arch/arm/core/cortex_m/libarch__arm__core__cortex_m.a(fault.c.obj)
 .rodata.bus_fault.constprop.0.str1.1
                0x0000000000004b94       0x8e zephyr/arch/arch/arm/core/cortex_m/libarch__arm__core__cortex_m.a(fault.c.obj)
 .rodata.z_arm_fault.str1.1
                0x0000000000004c22      0x119 zephyr/arch/arch/arm/core/cortex_m/libarch__arm__core__cortex_m.a(fault.c.obj)
 .rodata.str1.1
                0x0000000000004d3b        0xf zephyr/arch/arch/arm/core/mpu/libarch__arm__core__mpu.a(arm_mpu_regions.c.obj)
 .rodata.CSWTCH.5
                0x0000000000004d4a        0x6 zephyr/soc/soc/nrf52840/libsoc__nordic.a(soc.c.obj)
 .rodata.str1.1
                0x0000000000004d50        0xf zephyr/drivers/clock_control/libdrivers__clock_control.a(clock_control_nrf.c.obj)
 .rodata.str1.1
                0x0000000000004d5f       0x1c zephyr/drivers/gpio/libdrivers__gpio.a(gpio_nrfx.c.obj)
 .rodata.drive_modes
                0x0000000000004d7b        0x8 zephyr/drivers/pinctrl/libdrivers__pinctrl.a(pinctrl_nrf.c.obj)
 .rodata.str1.1
                0x0000000000004d83        0xe zephyr/drivers/serial/libdrivers__serial.a(uart_nrfx_uarte.c.obj)
 .rodata.CSWTCH.14
                0x0000000000004d91        0x6 modules/hal_nordic/nrfx/libmodules__hal_nordic__nrfx.a(system_nrf52840.c.obj)
 .rodata.CSWTCH.5
                0x0000000000004d97        0x6 modules/hal_nordic/nrfx/libmodules__hal_nordic__nrfx.a(system_nrf52840.c.obj)
 .rodata.port_offset.1
                0x0000000000004d9d       0x10 modules/hal_nordic/nrfx/libmodules__hal_nordic__nrfx.a(nrfx_gpiote.c.obj)
 .rodata.ports  0x0000000000004dad        0x2 modules/hal_nordic/nrfx/libmodules__hal_nordic__nrfx.a(nrfx_gpiote.c.obj)
 .rodata.z_cstart.str1.1
                0x0000000000004daf        0x5 zephyr/kernel/libkernel.a(init.c.obj)
 .rodata.boot_banner.str1.1
                0x0000000000004db4       0x3a zephyr/kernel/libkernel.a(banner.c.obj)
 .rodata.__l_vfprintf.str1.1
                0x0000000000004dee        0xf /home/upgautam/zephyr-sdk-0.17.2/arm-zephyr-eabi/bin/../lib/gcc/../../picolibc/arm-zephyr-eabi/lib/thumb/v7e-m/nofp/libc.a(libc_tinystdio_vflprintf.c.o)
 *(SORT_BY_ALIGNMENT(.gnu.linkonce.r.*))
                0x0000000000004e00                . = ALIGN (0x4)
 *fill*         0x0000000000004dfd        0x3 

/DISCARD/
 *(SORT_BY_ALIGNMENT(.eh_frame))
                0x0000000000004e00                __rodata_region_end = .
                0x0000000000004e00                . = ALIGN (_region_min_align)
                0x0000000000008000                . = ALIGN ((0x1 << LOG2CEIL ((__rodata_region_end - ADDR (rom_start)))))
                0x0000000000008000                __rom_region_end = ((__rom_region_start + .) - ADDR (rom_start))

/DISCARD/
 *(SORT_BY_ALIGNMENT(.got.plt))
 *(SORT_BY_ALIGNMENT(.igot.plt))
 *(SORT_BY_ALIGNMENT(.got))
 *(SORT_BY_ALIGNMENT(.igot))
                0x0000000020000000                . = 0x20000000
                0x0000000020000000                . = ALIGN (_region_min_align)
                0x0000000020000000                _image_ram_start = .

.ramfunc        0x0000000020000000        0x0 load address 0x0000000000004e00
                0x0000000020000000                __ramfunc_region_start = .
                0x0000000020000000                . = ALIGN (_region_min_align)
                0x0000000020000000                . = ALIGN ((0x1 << LOG2CEIL (__ramfunc_size)))
                0x0000000020000000                __ramfunc_start = .
 *(SORT_BY_ALIGNMENT(.ramfunc))
 *(SORT_BY_ALIGNMENT(.ramfunc.*))
                0x0000000020000000                . = ALIGN (_region_min_align)
                0x0000000020000000                . = ALIGN ((0x1 << LOG2CEIL (__ramfunc_size)))
                0x0000000020000000                __ramfunc_end = .
                0x0000000000000000                __ramfunc_size = (__ramfunc_end - __ramfunc_start)
                0x0000000000004e00                __ramfunc_load_start = LOADADDR (.ramfunc)

datas           0x0000000020000000       0x28 load address 0x0000000000004e00
                0x0000000020000000                __data_region_start = .
                0x0000000020000000                __data_start = .
 *(SORT_BY_ALIGNMENT(.data))
 *(SORT_BY_ALIGNMENT(.data.*))
 .data._char_out
                0x0000000020000000        0x4 zephyr/libzephyr.a(printk.c.obj)
 .data.__stdout
                0x0000000020000004       0x10 zephyr/lib/libc/picolibc/liblib__libc__picolibc.a(stdio.c.obj)
 .data.available_channels_mask
                0x0000000020000014        0x4 modules/hal_nordic/nrfx/libmodules__hal_nordic__nrfx.a(nrfx_gpiote.c.obj)
 .data.m_channels_allocated
                0x0000000020000018        0x4 modules/hal_nordic/nrfx/libmodules__hal_nordic__nrfx.a(nrfx_ppi.c.obj)
 .data.slice_ticks
                0x000000002000001c        0x4 zephyr/kernel/libkernel.a(timeslicing.c.obj)
 .data.timeout_list
                0x0000000020000020        0x8 zephyr/kernel/libkernel.a(timeout.c.obj)
 *(SORT_BY_ALIGNMENT(.kernel.*))
                0x0000000020000028                __data_end = .
                0x0000000000000028                __data_size = (__data_end - __data_start)
                0x0000000000004e00                __data_load_start = LOADADDR (datas)
                0x0000000000004e00                __data_region_load_start = LOADADDR (datas)

device_states   0x0000000020000028        0x8 load address 0x0000000000004e28
                0x0000000020000028                . = ALIGN (0x4)
                0x0000000020000028                __device_states_start = .
 *(SORT_BY_ALIGNMENT(.z_devstate))
 .z_devstate    0x0000000020000028        0x2 zephyr/drivers/clock_control/libdrivers__clock_control.a(clock_control_nrf.c.obj)
 .z_devstate    0x000000002000002a        0x4 zephyr/drivers/gpio/libdrivers__gpio.a(gpio_nrfx.c.obj)
 .z_devstate    0x000000002000002e        0x2 zephyr/drivers/serial/libdrivers__serial.a(uart_nrfx_uarte.c.obj)
 *(SORT_BY_ALIGNMENT(.z_devstate.*))
                0x0000000020000030                __device_states_end = .
                0x0000000020000030                . = ALIGN (0x4)

log_mpsc_pbuf_area
                0x0000000020000030        0x0 load address 0x0000000000004e30
                0x0000000020000030                _log_mpsc_pbuf_list_start = .
 *(SORT_BY_NAME(SORT_BY_ALIGNMENT(._log_mpsc_pbuf.static.*)))
                0x0000000020000030                _log_mpsc_pbuf_list_end = .

log_msg_ptr_area
                0x0000000020000030        0x0 load address 0x0000000000004e30
                0x0000000020000030                _log_msg_ptr_list_start = .
 *(SORT_BY_NAME(SORT_BY_ALIGNMENT(._log_msg_ptr.static.*)))
                0x0000000020000030                _log_msg_ptr_list_end = .

log_dynamic_area
                0x0000000020000030        0x0 load address 0x0000000000004e30
                0x0000000020000030                _log_dynamic_list_start = .